<html>
<body>
<pre>
<h1>µVision Build Log</h1>
<h2>Tool Versions:</h2>
IDE-Version: ¦ÌVision V5.17.0.0
Copyright (C) 2015 ARM Ltd and ARM Germany GmbH. All rights reserved.
License Information: aa ruijunfeng105@163.com, aaa, LIC=UJWBS-L3Q4T-4SUY4-FI58V-F98M3-97GMN
 
Tool Versions:
Toolchain:       MDK-ARM Standard  Version: 5.17
Toolchain Path:  C:\Keil_v5\ARM\ARMCC\Bin
C Compiler:      Armcc.exe V5.06 update 1 (build 61)
Assembler:       Armasm.exe V5.06 update 1 (build 61)
Linker/Locator:  ArmLink.exe V5.06 update 1 (build 61)
Library Manager: ArmAr.exe V5.06 update 1 (build 61)
Hex Converter:   FromElf.exe V5.06 update 1 (build 61)
CPU DLL:         SARMCM3.DLL V5.17
Dialog DLL:      DARMCM1.DLL V1.12.0.0
Target DLL:      STLink\ST-LINKIII-KEIL_SWO.dll V2.0.18.0
Dialog DLL:      TARMCM1.DLL V1.9.0.0
 
<h2>Project:</h2>
E:\fusion\2019Project\D1\D1code2\Projects\STM32F0xx_StdPeriph_Templates\MDK-ARM\Project.uvprojx
Project File Date:  07/31/2019

<h2>Output:</h2>
*** Using Compiler 'V5.06 update 1 (build 61)', folder: 'C:\Keil_v5\ARM\ARMCC\Bin'
Rebuild target 'STM32F051'
assembling startup_stm32f051.s...
compiling system_stm32f0xx.c...
compiling stm32f0xx_it.c...
compiling stm32f0xx_exti.c...
compiling main.c...
..\main.c(19): warning:  #223-D: function "printf" declared implicitly
  		printf("aa");
..\main.c: 1 warning, 0 errors
compiling stm32f0xx_syscfg.c...
compiling stm32f0xx_pwr.c...
compiling stm32f0xx_spi.c...
compiling stm32f0xx_iwdg.c...
compiling stm32f0xx_dma.c...
compiling stm32f0xx_adc.c...
compiling stm32f0xx_usart.c...
compiling stm32f0xx_flash.c...
compiling stm32f0xx_rcc.c...
compiling stm32f0xx_rtc.c...
compiling stm32f0xx_gpio.c...
compiling stm32f0xx_dbgmcu.c...
compiling stm32f0xx_wwdg.c...
compiling stm32f0xx_crc.c...
compiling stm32f0xx_misc.c...
compiling stm32f0xx_i2c.c...
compiling stm32f0xx_tim.c...
compiling stm32f0xx_comp.c...
compiling stm32f0xx_cec.c...
compiling led.c...
compiling stm32f0xx_dac.c...
compiling delay.c...
compiling magnet.c...
compiling timer.c...
compiling crc.c...
compiling u485.c...
..\HARDWARE\u485.c(126): warning:  #177-D: variable "clr" was declared but never referenced
  	uint8_t Res,clr;
..\HARDWARE\u485.c: 1 warning, 0 errors
linking...
Program Size: Code=3176 RO-data=224 RW-data=48 ZI-data=1736  
FromELF: creating hex file...
"STM32F051\STM32F030.axf" - 0 Error(s), 2 Warning(s).

<h2>Collection of Component include folders:</h2>
  E:\fusion\2019Project\D1\D1code2\Projects\STM32F0xx_StdPeriph_Templates\MDK-ARM\RTE
  C:\Keil_v5\ARM\PACK\Keil\STM32F0xx_DFP\1.4.0\Device\Include

<h2>Collection of Component Files used:</h2>
Build Time Elapsed:  00:00:07
</pre>
</body>
</html>
