Component: ARM Compiler 5.06 update 1 (build 61) Tool: armlink [4d35a8]

==============================================================================

Section Cross References

    startup_stm32f030.o(RESET) refers to startup_stm32f030.o(STACK) for __initial_sp
    startup_stm32f030.o(RESET) refers to startup_stm32f030.o(.text) for Reset_Handler
    startup_stm32f030.o(RESET) refers to stm32f0xx_it.o(i.NMI_Handler) for NMI_Handler
    startup_stm32f030.o(RESET) refers to stm32f0xx_it.o(i.HardFault_Handler) for HardFault_Handler
    startup_stm32f030.o(RESET) refers to stm32f0xx_it.o(i.SVC_Handler) for SVC_Handler
    startup_stm32f030.o(RESET) refers to stm32f0xx_it.o(i.PendSV_Handler) for PendSV_Handler
    startup_stm32f030.o(RESET) refers to stm32f0xx_it.o(i.SysTick_Handler) for SysTick_Handler
    startup_stm32f030.o(RESET) refers to timer.o(i.TIM3_IRQHandler) for TIM3_IRQHandler
    startup_stm32f030.o(RESET) refers to u485.o(i.USART1_IRQHandler) for USART1_IRQHandler
    startup_stm32f030.o(.text) refers to startup_stm32f030.o(STACK) for __initial_sp
    startup_stm32f030.o(.text) refers to system_stm32f0xx.o(i.SystemInit) for SystemInit
    startup_stm32f030.o(.text) refers to entry.o(.ARM.Collect$$$$00000000) for __main
    system_stm32f0xx.o(i.SystemCoreClockUpdate) refers to uidiv.o(.text) for __aeabi_uidivmod
    system_stm32f0xx.o(i.SystemCoreClockUpdate) refers to system_stm32f0xx.o(.data) for .data
    system_stm32f0xx.o(i.SystemInit) refers to system_stm32f0xx.o(i.SetSysClock) for SetSysClock
    main.o(i.main) refers to memcpya.o(.text) for __aeabi_memcpy4
    main.o(i.main) refers to stm32f0xx_syscfg.o(i.SYSCFG_MemoryRemapConfig) for SYSCFG_MemoryRemapConfig
    main.o(i.main) refers to magnet.o(i.MAGNETInit) for MAGNETInit
    main.o(i.main) refers to timer.o(i.TIM3_Int_Init) for TIM3_Int_Init
    main.o(i.main) refers to u485.o(i.u485_init) for u485_init
    main.o(i.main) refers to led.o(i.LEDInit) for LEDInit
    main.o(i.main) refers to dialswitch.o(i.dialswitch_init) for dialswitch_init
    main.o(i.main) refers to crc.o(i.crc_init) for crc_init
    main.o(i.main) refers to wdg.o(i.IWDG_Config) for IWDG_Config
    main.o(i.main) refers to wdg.o(i.IWDG_Feed) for IWDG_Feed
    main.o(i.main) refers to delay.o(i.delay_ms) for delay_ms
    main.o(i.main) refers to dialswitch.o(i.dialswitch_read) for dialswitch_read
    main.o(i.main) refers to u485.o(i.u485_tick) for u485_tick
    main.o(i.main) refers to magnet.o(i.MAGNET_Manage) for MAGNET_Manage
    stm32f0xx_pwr.o(i.PWR_DeInit) refers to stm32f0xx_rcc.o(i.RCC_APB1PeriphResetCmd) for RCC_APB1PeriphResetCmd
    stm32f0xx_spi.o(i.I2S_Init) refers to stm32f0xx_rcc.o(i.RCC_GetClocksFreq) for RCC_GetClocksFreq
    stm32f0xx_spi.o(i.I2S_Init) refers to uidiv.o(.text) for __aeabi_uidivmod
    stm32f0xx_spi.o(i.SPI_I2S_DeInit) refers to stm32f0xx_rcc.o(i.RCC_APB2PeriphResetCmd) for RCC_APB2PeriphResetCmd
    stm32f0xx_spi.o(i.SPI_I2S_DeInit) refers to stm32f0xx_rcc.o(i.RCC_APB1PeriphResetCmd) for RCC_APB1PeriphResetCmd
    stm32f0xx_usart.o(i.USART_DeInit) refers to stm32f0xx_rcc.o(i.RCC_APB2PeriphResetCmd) for RCC_APB2PeriphResetCmd
    stm32f0xx_usart.o(i.USART_DeInit) refers to stm32f0xx_rcc.o(i.RCC_APB1PeriphResetCmd) for RCC_APB1PeriphResetCmd
    stm32f0xx_usart.o(i.USART_Init) refers to stm32f0xx_rcc.o(i.RCC_GetClocksFreq) for RCC_GetClocksFreq
    stm32f0xx_usart.o(i.USART_Init) refers to uidiv.o(.text) for __aeabi_uidivmod
    stm32f0xx_flash.o(i.FLASH_EraseAllPages) refers to stm32f0xx_flash.o(i.FLASH_WaitForLastOperation) for FLASH_WaitForLastOperation
    stm32f0xx_flash.o(i.FLASH_ErasePage) refers to stm32f0xx_flash.o(i.FLASH_WaitForLastOperation) for FLASH_WaitForLastOperation
    stm32f0xx_flash.o(i.FLASH_OB_BOOT0Config) refers to stm32f0xx_flash.o(i.FLASH_WaitForLastOperation) for FLASH_WaitForLastOperation
    stm32f0xx_flash.o(i.FLASH_OB_BOOT0SWConfig) refers to stm32f0xx_flash.o(i.FLASH_WaitForLastOperation) for FLASH_WaitForLastOperation
    stm32f0xx_flash.o(i.FLASH_OB_BOOTConfig) refers to stm32f0xx_flash.o(i.FLASH_WaitForLastOperation) for FLASH_WaitForLastOperation
    stm32f0xx_flash.o(i.FLASH_OB_EnableWRP) refers to stm32f0xx_flash.o(i.FLASH_WaitForLastOperation) for FLASH_WaitForLastOperation
    stm32f0xx_flash.o(i.FLASH_OB_Erase) refers to stm32f0xx_flash.o(i.FLASH_OB_GetRDP) for FLASH_OB_GetRDP
    stm32f0xx_flash.o(i.FLASH_OB_Erase) refers to stm32f0xx_flash.o(i.FLASH_WaitForLastOperation) for FLASH_WaitForLastOperation
    stm32f0xx_flash.o(i.FLASH_OB_ProgramData) refers to stm32f0xx_flash.o(i.FLASH_WaitForLastOperation) for FLASH_WaitForLastOperation
    stm32f0xx_flash.o(i.FLASH_OB_RDPConfig) refers to stm32f0xx_flash.o(i.FLASH_WaitForLastOperation) for FLASH_WaitForLastOperation
    stm32f0xx_flash.o(i.FLASH_OB_SRAMParityConfig) refers to stm32f0xx_flash.o(i.FLASH_WaitForLastOperation) for FLASH_WaitForLastOperation
[...]
    printfa.o(i.__0snprintf) refers (Special) to iusefp.o(.text) for __I$use$fp
    printfa.o(i.__0snprintf) refers to printfa.o(i._printf_core) for _printf_core
    printfa.o(i.__0snprintf) refers to printfa.o(i._snputc) for _snputc
    printfa.o(i.__0sprintf) refers (Special) to iusefp.o(.text) for __I$use$fp
    printfa.o(i.__0sprintf) refers to printfa.o(i._printf_core) for _printf_core
    printfa.o(i.__0sprintf) refers to printfa.o(i._sputc) for _sputc
    printfa.o(i.__0vfprintf) refers (Special) to iusefp.o(.text) for __I$use$fp
    printfa.o(i.__0vfprintf) refers to printfa.o(i._printf_core) for _printf_core
    printfa.o(i.__0vfprintf) refers to u485.o(i.fputc) for fputc
    printfa.o(i.__0vprintf) refers (Special) to iusefp.o(.text) for __I$use$fp
    printfa.o(i.__0vprintf) refers to printfa.o(i._printf_core) for _printf_core
    printfa.o(i.__0vprintf) refers to u485.o(i.fputc) for fputc
    printfa.o(i.__0vprintf) refers to u485.o(.data) for __stdout
    printfa.o(i.__0vsnprintf) refers (Special) to iusefp.o(.text) for __I$use$fp
    printfa.o(i.__0vsnprintf) refers to printfa.o(i._printf_core) for _printf_core
    printfa.o(i.__0vsnprintf) refers to printfa.o(i._snputc) for _snputc
    printfa.o(i.__0vsprintf) refers (Special) to iusefp.o(.text) for __I$use$fp
    printfa.o(i.__0vsprintf) refers to printfa.o(i._printf_core) for _printf_core
    printfa.o(i.__0vsprintf) refers to printfa.o(i._sputc) for _sputc
    printfa.o(i._fp_digits) refers (Special) to iusefp.o(.text) for __I$use$fp
    printfa.o(i._fp_digits) refers to dmul.o(.text) for __aeabi_dmul
    printfa.o(i._fp_digits) refers to ddiv.o(.text) for __aeabi_ddiv
    printfa.o(i._fp_digits) refers to cdrcmple.o(.text) for __aeabi_cdrcmple
    printfa.o(i._fp_digits) refers to dadd.o(.text) for __aeabi_dadd
    printfa.o(i._fp_digits) refers to dfixul.o(.text) for __aeabi_d2ulz
    printfa.o(i._fp_digits) refers to uldiv.o(.text) for __aeabi_uldivmod
    printfa.o(i._printf_core) refers (Special) to iusefp.o(.text) for __I$use$fp
    printfa.o(i._printf_core) refers to printfa.o(i._printf_pre_padding) for _printf_pre_padding
    printfa.o(i._printf_core) refers to uldiv.o(.text) for __aeabi_uldivmod
    printfa.o(i._printf_core) refers to printfa.o(i._printf_post_padding) for _printf_post_padding
    printfa.o(i._printf_core) refers to printfa.o(i._fp_digits) for _fp_digits
    printfa.o(i._printf_core) refers to uidiv.o(.text) for __aeabi_uidivmod
    printfa.o(i._printf_post_padding) refers (Special) to iusefp.o(.text) for __I$use$fp
    printfa.o(i._printf_pre_padding) refers (Special) to iusefp.o(.text) for __I$use$fp
    printfa.o(i._snputc) refers (Special) to iusefp.o(.text) for __I$use$fp
    printfa.o(i._sputc) refers (Special) to iusefp.o(.text) for __I$use$fp
    entry2.o(.ARM.Collect$$$$00000001) refers to entry2.o(.ARM.Collect$$$$00002712) for __lit__00000000
    entry2.o(.ARM.Collect$$$$00002712) refers to startup_stm32f030.o(STACK) for __initial_sp
    entry2.o(__vectab_stack_and_reset_area) refers to startup_stm32f030.o(STACK) for __initial_sp
    entry2.o(__vectab_stack_and_reset_area) refers to entry.o(.ARM.Collect$$$$00000000) for __main
    entry5.o(.ARM.Collect$$$$00000004) refers to init.o(.text) for __scatterload
    entry9a.o(.ARM.Collect$$$$0000000B) refers to main.o(i.main) for main
    entry9b.o(.ARM.Collect$$$$0000000C) refers to main.o(i.main) for main
    uldiv.o(.text) refers to llushr.o(.text) for __aeabi_llsr
    uldiv.o(.text) refers to llshl.o(.text) for __aeabi_llsl
    dadd.o(.text) refers to llshl.o(.text) for __aeabi_llsl
    dadd.o(.text) refers to llsshr.o(.text) for __aeabi_lasr
    dadd.o(.text) refers to depilogue.o(.text) for _double_epilogue
    dmul.o(.text) refers to depilogue.o(.text) for _double_epilogue
    ddiv.o(.text) refers to depilogue.o(.text) for _double_round
    dfixul.o(.text) refers to llushr.o(.text) for __aeabi_llsr
    dfixul.o(.text) refers to llshl.o(.text) for __aeabi_llsl
    init.o(.text) refers to entry5.o(.ARM.Collect$$$$00000004) for __main_after_scatterload
    depilogue.o(.text) refers to depilogue.o(i.__ARM_clz) for __ARM_clz
    depilogue.o(.text) refers to llshl.o(.text) for __aeabi_llsl
    depilogue.o(.text) refers to llushr.o(.text) for __aeabi_llsr


==============================================================================

Removing Unused input sections from the image.

    Removing startup_stm32f030.o(HEAP), (512 bytes).
    Removing system_stm32f0xx.o(.rev16_text), (4 bytes).
    Removing system_stm32f0xx.o(.revsh_text), (4 bytes).
    Removing system_stm32f0xx.o(i.SystemCoreClockUpdate), (108 bytes).
    Removing system_stm32f0xx.o(.data), (20 bytes).
    Removing main.o(.rev16_text), (4 bytes).
    Removing main.o(.revsh_text), (4 bytes).
    Removing stm32f0xx_it.o(.rev16_text), (4 bytes).
    Removing stm32f0xx_it.o(.revsh_text), (4 bytes).
    Removing stm32f0xx_pwr.o(.rev16_text), (4 bytes).
    Removing stm32f0xx_pwr.o(.revsh_text), (4 bytes).
    Removing stm32f0xx_pwr.o(i.PWR_BackupAccessCmd), (24 bytes).
    Removing stm32f0xx_pwr.o(i.PWR_ClearFlag), (16 bytes).
    Removing stm32f0xx_pwr.o(i.PWR_DeInit), (22 bytes).
    Removing stm32f0xx_pwr.o(i.PWR_EnterSTANDBYMode), (32 bytes).
    Removing stm32f0xx_pwr.o(i.PWR_EnterSTOPMode), (60 bytes).
    Removing stm32f0xx_pwr.o(i.PWR_EnterSleepMode), (32 bytes).
    Removing stm32f0xx_pwr.o(i.PWR_GetFlagStatus), (20 bytes).
    Removing stm32f0xx_pwr.o(i.PWR_PVDCmd), (24 bytes).
    Removing stm32f0xx_pwr.o(i.PWR_PVDLevelConfig), (20 bytes).
    Removing stm32f0xx_pwr.o(i.PWR_WakeUpPinCmd), (24 bytes).
    Removing stm32f0xx_exti.o(.rev16_text), (4 bytes).
    Removing stm32f0xx_exti.o(.revsh_text), (4 bytes).
    Removing stm32f0xx_exti.o(i.EXTI_ClearFlag), (12 bytes).
    Removing stm32f0xx_exti.o(i.EXTI_ClearITPendingBit), (12 bytes).
    Removing stm32f0xx_exti.o(i.EXTI_DeInit), (32 bytes).
    Removing stm32f0xx_exti.o(i.EXTI_GenerateSWInterrupt), (16 bytes).
    Removing stm32f0xx_exti.o(i.EXTI_GetFlagStatus), (20 bytes).
    Removing stm32f0xx_exti.o(i.EXTI_GetITStatus), (20 bytes).
    Removing stm32f0xx_exti.o(i.EXTI_Init), (108 bytes).
    Removing stm32f0xx_exti.o(i.EXTI_StructInit), (14 bytes).
    Removing stm32f0xx_syscfg.o(.rev16_text), (4 bytes).
    Removing stm32f0xx_syscfg.o(.revsh_text), (4 bytes).
    Removing stm32f0xx_syscfg.o(i.SYSCFG_BreakConfig), (16 bytes).
    Removing stm32f0xx_syscfg.o(i.SYSCFG_ClearFlag), (16 bytes).
    Removing stm32f0xx_syscfg.o(i.SYSCFG_DMAChannelRemapConfig), (24 bytes).
    Removing stm32f0xx_syscfg.o(i.SYSCFG_DeInit), (36 bytes).
    Removing stm32f0xx_syscfg.o(i.SYSCFG_EXTILineConfig), (40 bytes).
    Removing stm32f0xx_syscfg.o(i.SYSCFG_GetFlagStatus), (20 bytes).
    Removing stm32f0xx_syscfg.o(i.SYSCFG_GetPendingIT), (24 bytes).
    Removing stm32f0xx_syscfg.o(i.SYSCFG_I2CFastModePlusConfig), (24 bytes).
    Removing stm32f0xx_syscfg.o(i.SYSCFG_IRDAEnvSelection), (24 bytes).
    Removing stm32f0xx_spi.o(.rev16_text), (4 bytes).
    Removing stm32f0xx_spi.o(.revsh_text), (4 bytes).
    Removing stm32f0xx_spi.o(i.I2S_Cmd), (28 bytes).
    Removing stm32f0xx_spi.o(i.I2S_Init), (156 bytes).
    Removing stm32f0xx_spi.o(i.I2S_StructInit), (18 bytes).
    Removing stm32f0xx_spi.o(i.SPI_BiDirectionalLineConfig), (28 bytes).
    Removing stm32f0xx_spi.o(i.SPI_CRCLengthConfig), (20 bytes).
    Removing stm32f0xx_spi.o(i.SPI_CalculateCRC), (28 bytes).
    Removing stm32f0xx_spi.o(i.SPI_Cmd), (18 bytes).
    Removing stm32f0xx_spi.o(i.SPI_DataSizeConfig), (16 bytes).
    Removing stm32f0xx_spi.o(i.SPI_GetCRC), (12 bytes).
    Removing stm32f0xx_spi.o(i.SPI_GetCRCPolynomial), (4 bytes).
    Removing stm32f0xx_spi.o(i.SPI_GetReceptionFIFOStatus), (10 bytes).
    Removing stm32f0xx_spi.o(i.SPI_GetTransmissionFIFOStatus), (10 bytes).
    Removing stm32f0xx_spi.o(i.SPI_I2S_ClearFlag), (6 bytes).
    Removing stm32f0xx_spi.o(i.SPI_I2S_DMACmd), (16 bytes).
    Removing stm32f0xx_spi.o(i.SPI_I2S_DeInit), (64 bytes).
    Removing stm32f0xx_spi.o(i.SPI_I2S_GetFlagStatus), (14 bytes).
    Removing stm32f0xx_spi.o(i.SPI_I2S_GetITStatus), (42 bytes).
    Removing stm32f0xx_spi.o(i.SPI_I2S_ITConfig), (24 bytes).
    Removing stm32f0xx_spi.o(i.SPI_I2S_ReceiveData16), (4 bytes).
    Removing stm32f0xx_spi.o(i.SPI_I2S_SendData16), (4 bytes).
    Removing stm32f0xx_spi.o(i.SPI_Init), (84 bytes).
    Removing stm32f0xx_spi.o(i.SPI_LastDMATransferCmd), (20 bytes).
    Removing stm32f0xx_spi.o(i.SPI_NSSInternalSoftwareConfig), (28 bytes).
    Removing stm32f0xx_spi.o(i.SPI_NSSPulseModeCmd), (18 bytes).
    Removing stm32f0xx_spi.o(i.SPI_ReceiveData8), (4 bytes).
    Removing stm32f0xx_spi.o(i.SPI_RxFIFOThresholdConfig), (20 bytes).
    Removing stm32f0xx_spi.o(i.SPI_SSOutputCmd), (18 bytes).
    Removing stm32f0xx_spi.o(i.SPI_SendData8), (4 bytes).
    Removing stm32f0xx_spi.o(i.SPI_StructInit), (28 bytes).
    Removing stm32f0xx_spi.o(i.SPI_TIModeCmd), (18 bytes).
    Removing stm32f0xx_spi.o(i.SPI_TransmitCRC), (12 bytes).
    Removing stm32f0xx_usart.o(.rev16_text), (4 bytes).
    Removing stm32f0xx_usart.o(.revsh_text), (4 bytes).
    Removing stm32f0xx_usart.o(i.USART_AddressDetectionConfig), (16 bytes).
    Removing stm32f0xx_usart.o(i.USART_AutoBaudRateCmd), (20 bytes).
    Removing stm32f0xx_usart.o(i.USART_AutoBaudRateConfig), (18 bytes).
    Removing stm32f0xx_usart.o(i.USART_ClockInit), (28 bytes).
    Removing stm32f0xx_usart.o(i.USART_ClockStructInit), (12 bytes).
    Removing stm32f0xx_usart.o(i.USART_DECmd), (20 bytes).
    Removing stm32f0xx_usart.o(i.USART_DEPolarityConfig), (18 bytes).
    Removing stm32f0xx_usart.o(i.USART_DMACmd), (16 bytes).
    Removing stm32f0xx_usart.o(i.USART_DMAReceptionErrorConfig), (18 bytes).
    Removing stm32f0xx_usart.o(i.USART_DataInvCmd), (20 bytes).
    Removing stm32f0xx_usart.o(i.USART_DeInit), (184 bytes).
    Removing stm32f0xx_usart.o(i.USART_DirectionModeCmd), (16 bytes).
    Removing stm32f0xx_usart.o(i.USART_HalfDuplexCmd), (18 bytes).
    Removing stm32f0xx_usart.o(i.USART_InvPinCmd), (16 bytes).
    Removing stm32f0xx_usart.o(i.USART_IrDACmd), (18 bytes).
    Removing stm32f0xx_usart.o(i.USART_IrDAConfig), (16 bytes).
    Removing stm32f0xx_usart.o(i.USART_LINBreakDetectLengthConfig), (16 bytes).
    Removing stm32f0xx_usart.o(i.USART_LINCmd), (20 bytes).
    Removing stm32f0xx_usart.o(i.USART_MSBFirstCmd), (20 bytes).
    Removing stm32f0xx_usart.o(i.USART_MuteModeCmd), (20 bytes).
    Removing stm32f0xx_usart.o(i.USART_MuteModeWakeUpConfig), (18 bytes).
    Removing stm32f0xx_usart.o(i.USART_OneBitMethodCmd), (20 bytes).
    Removing stm32f0xx_usart.o(i.USART_OverSampling8Cmd), (20 bytes).
    Removing stm32f0xx_usart.o(i.USART_OverrunDetectionConfig), (18 bytes).
    Removing stm32f0xx_usart.o(i.USART_ReceiverTimeOutCmd), (20 bytes).
    Removing stm32f0xx_usart.o(i.USART_RequestCmd), (16 bytes).
    Removing stm32f0xx_usart.o(i.USART_STOPModeCmd), (18 bytes).
    Removing stm32f0xx_usart.o(i.USART_SWAPPinCmd), (20 bytes).
    Removing stm32f0xx_usart.o(i.USART_SetAddress), (18 bytes).
    Removing stm32f0xx_usart.o(i.USART_SetAutoRetryCount), (20 bytes).
    Removing stm32f0xx_usart.o(i.USART_SetBlockLength), (18 bytes).
    Removing stm32f0xx_usart.o(i.USART_SetDEAssertionTime), (20 bytes).
    Removing stm32f0xx_usart.o(i.USART_SetDEDeassertionTime), (20 bytes).
    Removing stm32f0xx_usart.o(i.USART_SetGuardTime), (16 bytes).
    Removing stm32f0xx_usart.o(i.USART_SetPrescaler), (16 bytes).
    Removing stm32f0xx_usart.o(i.USART_SetReceiverTimeOut), (16 bytes).
    Removing stm32f0xx_usart.o(i.USART_SmartCardCmd), (18 bytes).
    Removing stm32f0xx_usart.o(i.USART_SmartCardNACKCmd), (18 bytes).
    Removing stm32f0xx_usart.o(i.USART_StopModeWakeUpSourceConfig), (18 bytes).
    Removing stm32f0xx_usart.o(i.USART_StructInit), (22 bytes).
    Removing stm32f0xx_flash.o(.rev16_text), (4 bytes).
    Removing stm32f0xx_flash.o(.revsh_text), (4 bytes).
    Removing stm32f0xx_flash.o(i.FLASH_ClearFlag), (12 bytes).
    Removing stm32f0xx_flash.o(i.FLASH_EraseAllPages), (52 bytes).
    Removing stm32f0xx_flash.o(i.FLASH_ErasePage), (56 bytes).
    Removing stm32f0xx_flash.o(i.FLASH_GetFlagStatus), (20 bytes).
    Removing stm32f0xx_flash.o(i.FLASH_GetPrefetchBufferStatus), (20 bytes).
    Removing stm32f0xx_flash.o(i.FLASH_GetStatus), (40 bytes).
    Removing stm32f0xx_flash.o(i.FLASH_ITConfig), (24 bytes).
    Removing stm32f0xx_flash.o(i.FLASH_Lock), (16 bytes).
    Removing stm32f0xx_flash.o(i.FLASH_OB_BOOT0Config), (64 bytes).
    Removing stm32f0xx_flash.o(i.FLASH_OB_BOOT0SWConfig), (64 bytes).
    Removing stm32f0xx_flash.o(i.FLASH_OB_BOOTConfig), (64 bytes).
    Removing stm32f0xx_flash.o(i.FLASH_OB_EnableWRP), (140 bytes).
    Removing stm32f0xx_flash.o(i.FLASH_OB_Erase), (116 bytes).
    Removing stm32f0xx_flash.o(i.FLASH_OB_GetRDP), (20 bytes).
    Removing stm32f0xx_flash.o(i.FLASH_OB_GetUser), (16 bytes).
    Removing stm32f0xx_flash.o(i.FLASH_OB_GetWRP), (12 bytes).
    Removing stm32f0xx_flash.o(i.FLASH_OB_Launch), (20 bytes).
    Removing stm32f0xx_flash.o(i.FLASH_OB_Lock), (16 bytes).
    Removing stm32f0xx_flash.o(i.FLASH_OB_ProgramData), (56 bytes).
    Removing stm32f0xx_flash.o(i.FLASH_OB_RDPConfig), (92 bytes).
    Removing stm32f0xx_flash.o(i.FLASH_OB_SRAMParityConfig), (64 bytes).
    Removing stm32f0xx_flash.o(i.FLASH_OB_Unlock), (32 bytes).
    Removing stm32f0xx_flash.o(i.FLASH_OB_UserConfig), (72 bytes).
    Removing stm32f0xx_flash.o(i.FLASH_OB_VDDAConfig), (64 bytes).
    Removing stm32f0xx_flash.o(i.FLASH_OB_WriteUser), (60 bytes).
    Removing stm32f0xx_flash.o(i.FLASH_PrefetchBufferCmd), (24 bytes).
    Removing stm32f0xx_flash.o(i.FLASH_ProgramHalfWord), (52 bytes).
    Removing stm32f0xx_flash.o(i.FLASH_ProgramWord), (76 bytes).
    Removing stm32f0xx_flash.o(i.FLASH_SetLatency), (20 bytes).
    Removing stm32f0xx_flash.o(i.FLASH_Unlock), (32 bytes).
    Removing stm32f0xx_flash.o(i.FLASH_WaitForLastOperation), (34 bytes).
    Removing stm32f0xx_iwdg.o(.rev16_text), (4 bytes).
    Removing stm32f0xx_iwdg.o(.revsh_text), (4 bytes).
    Removing stm32f0xx_iwdg.o(i.IWDG_GetFlagStatus), (20 bytes).
    Removing stm32f0xx_iwdg.o(i.IWDG_SetWindowValue), (12 bytes).
    Removing stm32f0xx_adc.o(.rev16_text), (4 bytes).
    Removing stm32f0xx_adc.o(.revsh_text), (4 bytes).
    Removing stm32f0xx_adc.o(i.ADC_AnalogWatchdogCmd), (20 bytes).
    Removing stm32f0xx_adc.o(i.ADC_AnalogWatchdogSingleChannelCmd), (20 bytes).
    Removing stm32f0xx_adc.o(i.ADC_AnalogWatchdogSingleChannelConfig), (14 bytes).
    Removing stm32f0xx_adc.o(i.ADC_AnalogWatchdogThresholdsConfig), (8 bytes).
    Removing stm32f0xx_adc.o(i.ADC_AutoPowerOffCmd), (20 bytes).
    Removing stm32f0xx_adc.o(i.ADC_ChannelConfig), (10 bytes).
    Removing stm32f0xx_adc.o(i.ADC_ClearFlag), (4 bytes).
    Removing stm32f0xx_adc.o(i.ADC_ClearITPendingBit), (4 bytes).
    Removing stm32f0xx_adc.o(i.ADC_ClockModeConfig), (4 bytes).
    Removing stm32f0xx_adc.o(i.ADC_Cmd), (18 bytes).
    Removing stm32f0xx_adc.o(i.ADC_ContinuousModeCmd), (20 bytes).
    Removing stm32f0xx_adc.o(i.ADC_DMACmd), (20 bytes).
    Removing stm32f0xx_adc.o(i.ADC_DMARequestModeConfig), (16 bytes).
    Removing stm32f0xx_adc.o(i.ADC_DeInit), (32 bytes).
    Removing stm32f0xx_adc.o(i.ADC_DiscModeCmd), (20 bytes).
    Removing stm32f0xx_adc.o(i.ADC_GetCalibrationFactor), (46 bytes).
    Removing stm32f0xx_adc.o(i.ADC_GetConversionValue), (6 bytes).
    Removing stm32f0xx_adc.o(i.ADC_GetFlagStatus), (28 bytes).
    Removing stm32f0xx_adc.o(i.ADC_GetITStatus), (22 bytes).
    Removing stm32f0xx_adc.o(i.ADC_ITConfig), (16 bytes).
    Removing stm32f0xx_adc.o(i.ADC_Init), (44 bytes).
    Removing stm32f0xx_adc.o(i.ADC_JitterCmd), (16 bytes).
    Removing stm32f0xx_adc.o(i.ADC_OverrunModeCmd), (20 bytes).
    Removing stm32f0xx_adc.o(i.ADC_StartOfConversion), (10 bytes).
    Removing stm32f0xx_adc.o(i.ADC_StopOfConversion), (10 bytes).
    Removing stm32f0xx_adc.o(i.ADC_StructInit), (16 bytes).
    Removing stm32f0xx_adc.o(i.ADC_TempSensorCmd), (28 bytes).
    Removing stm32f0xx_adc.o(i.ADC_VbatCmd), (28 bytes).
    Removing stm32f0xx_adc.o(i.ADC_VrefintCmd), (28 bytes).
    Removing stm32f0xx_adc.o(i.ADC_WaitModeCmd), (20 bytes).
    Removing stm32f0xx_rcc.o(.rev16_text), (4 bytes).
    Removing stm32f0xx_rcc.o(.revsh_text), (4 bytes).
    Removing stm32f0xx_rcc.o(i.RCC_ADCCLKConfig), (44 bytes).
    Removing stm32f0xx_rcc.o(i.RCC_AHBPeriphResetCmd), (24 bytes).
    Removing stm32f0xx_rcc.o(i.RCC_APB1PeriphResetCmd), (24 bytes).
    Removing stm32f0xx_rcc.o(i.RCC_APB2PeriphResetCmd), (24 bytes).
    Removing stm32f0xx_rcc.o(i.RCC_AdjustHSI14CalibrationValue), (20 bytes).
    Removing stm32f0xx_rcc.o(i.RCC_AdjustHSICalibrationValue), (20 bytes).
    Removing stm32f0xx_rcc.o(i.RCC_BackupResetCmd), (28 bytes).
    Removing stm32f0xx_rcc.o(i.RCC_CECCLKConfig), (24 bytes).
    Removing stm32f0xx_rcc.o(i.RCC_ClearITPendingBit), (12 bytes).
    Removing stm32f0xx_rcc.o(i.RCC_ClockSecuritySystemCmd), (28 bytes).
    Removing stm32f0xx_rcc.o(i.RCC_DeInit), (92 bytes).
    Removing stm32f0xx_rcc.o(i.RCC_GetITStatus), (20 bytes).
    Removing stm32f0xx_rcc.o(i.RCC_GetSYSCLKSource), (16 bytes).
    Removing stm32f0xx_rcc.o(i.RCC_HCLKConfig), (20 bytes).
    Removing stm32f0xx_rcc.o(i.RCC_HSEConfig), (16 bytes).
    Removing stm32f0xx_rcc.o(i.RCC_HSI14ADCRequestCmd), (24 bytes).
    Removing stm32f0xx_rcc.o(i.RCC_HSI14Cmd), (28 bytes).
    Removing stm32f0xx_rcc.o(i.RCC_HSI48Cmd), (28 bytes).
    Removing stm32f0xx_rcc.o(i.RCC_HSICmd), (28 bytes).
    Removing stm32f0xx_rcc.o(i.RCC_I2CCLKConfig), (24 bytes).
    Removing stm32f0xx_rcc.o(i.RCC_ITConfig), (24 bytes).
    Removing stm32f0xx_rcc.o(i.RCC_LSEConfig), (32 bytes).
    Removing stm32f0xx_rcc.o(i.RCC_LSEDriveConfig), (24 bytes).
    Removing stm32f0xx_rcc.o(i.RCC_LSICmd), (28 bytes).
    Removing stm32f0xx_rcc.o(i.RCC_MCOConfig), (24 bytes).
    Removing stm32f0xx_rcc.o(i.RCC_PCLKConfig), (20 bytes).
    Removing stm32f0xx_rcc.o(i.RCC_PLLCmd), (28 bytes).
    Removing stm32f0xx_rcc.o(i.RCC_PLLConfig), (28 bytes).
    Removing stm32f0xx_rcc.o(i.RCC_PREDIV1Config), (20 bytes).
    Removing stm32f0xx_rcc.o(i.RCC_RTCCLKCmd), (28 bytes).
    Removing stm32f0xx_rcc.o(i.RCC_RTCCLKConfig), (16 bytes).
    Removing stm32f0xx_rcc.o(i.RCC_SYSCLKConfig), (20 bytes).
    Removing stm32f0xx_rcc.o(i.RCC_USARTCLKConfig), (48 bytes).
    Removing stm32f0xx_rcc.o(i.RCC_USBCLKConfig), (24 bytes).
    Removing stm32f0xx_rcc.o(i.RCC_WaitForHSEStartUp), (44 bytes).
    Removing stm32f0xx_dma.o(.rev16_text), (4 bytes).
    Removing stm32f0xx_dma.o(.revsh_text), (4 bytes).
    Removing stm32f0xx_dma.o(i.DMA_ClearFlag), (24 bytes).
    Removing stm32f0xx_dma.o(i.DMA_ClearITPendingBit), (24 bytes).
    Removing stm32f0xx_dma.o(i.DMA_Cmd), (24 bytes).
    Removing stm32f0xx_dma.o(i.DMA_DeInit), (192 bytes).
    Removing stm32f0xx_dma.o(i.DMA_GetCurrDataCounter), (6 bytes).
    Removing stm32f0xx_dma.o(i.DMA_GetFlagStatus), (32 bytes).
    Removing stm32f0xx_dma.o(i.DMA_GetITStatus), (32 bytes).
    Removing stm32f0xx_dma.o(i.DMA_ITConfig), (16 bytes).
    Removing stm32f0xx_dma.o(i.DMA_Init), (60 bytes).
    Removing stm32f0xx_dma.o(i.DMA_RemapConfig), (30 bytes).
    Removing stm32f0xx_dma.o(i.DMA_SetCurrDataCounter), (4 bytes).
    Removing stm32f0xx_dma.o(i.DMA_StructInit), (26 bytes).
    Removing stm32f0xx_rtc.o(.rev16_text), (4 bytes).
    Removing stm32f0xx_rtc.o(.revsh_text), (4 bytes).
    Removing stm32f0xx_rtc.o(i.RTC_AlarmCmd), (80 bytes).
    Removing stm32f0xx_rtc.o(i.RTC_AlarmStructInit), (20 bytes).
    Removing stm32f0xx_rtc.o(i.RTC_AlarmSubSecondConfig), (32 bytes).
    Removing stm32f0xx_rtc.o(i.RTC_Bcd2ToByte), (16 bytes).
    Removing stm32f0xx_rtc.o(i.RTC_BypassShadowCmd), (40 bytes).
    Removing stm32f0xx_rtc.o(i.RTC_ByteToBcd2), (24 bytes).
    Removing stm32f0xx_rtc.o(i.RTC_CalibOutputCmd), (40 bytes).
    Removing stm32f0xx_rtc.o(i.RTC_CalibOutputConfig), (36 bytes).
    Removing stm32f0xx_rtc.o(i.RTC_ClearFlag), (28 bytes).
    Removing stm32f0xx_rtc.o(i.RTC_ClearITPendingBit), (28 bytes).
    Removing stm32f0xx_rtc.o(i.RTC_DateStructInit), (14 bytes).
    Removing stm32f0xx_rtc.o(i.RTC_DayLightSavingConfig), (40 bytes).
    Removing stm32f0xx_rtc.o(i.RTC_DeInit), (92 bytes).
    Removing stm32f0xx_rtc.o(i.RTC_EnterInitMode), (60 bytes).
    Removing stm32f0xx_rtc.o(i.RTC_ExitInitMode), (16 bytes).
    Removing stm32f0xx_rtc.o(i.RTC_GetAlarm), (100 bytes).
    Removing stm32f0xx_rtc.o(i.RTC_GetAlarmSubSecond), (16 bytes).
    Removing stm32f0xx_rtc.o(i.RTC_GetDate), (72 bytes).
    Removing stm32f0xx_rtc.o(i.RTC_GetFlagStatus), (28 bytes).
    Removing stm32f0xx_rtc.o(i.RTC_GetITStatus), (60 bytes).
    Removing stm32f0xx_rtc.o(i.RTC_GetStoreOperation), (16 bytes).
    Removing stm32f0xx_rtc.o(i.RTC_GetSubSecond), (12 bytes).
    Removing stm32f0xx_rtc.o(i.RTC_GetTime), (80 bytes).
    Removing stm32f0xx_rtc.o(i.RTC_GetTimeStamp), (136 bytes).
    Removing stm32f0xx_rtc.o(i.RTC_GetTimeStampSubSecond), (12 bytes).
    Removing stm32f0xx_rtc.o(i.RTC_GetWakeUpCounter), (12 bytes).
    Removing stm32f0xx_rtc.o(i.RTC_ITConfig), (60 bytes).
    Removing stm32f0xx_rtc.o(i.RTC_Init), (72 bytes).
    Removing stm32f0xx_rtc.o(i.RTC_OutputConfig), (40 bytes).
    Removing stm32f0xx_rtc.o(i.RTC_OutputTypeConfig), (24 bytes).
    Removing stm32f0xx_rtc.o(i.RTC_ReadBackupRegister), (20 bytes).
    Removing stm32f0xx_rtc.o(i.RTC_RefClockCmd), (60 bytes).
    Removing stm32f0xx_rtc.o(i.RTC_SetAlarm), (136 bytes).
    Removing stm32f0xx_rtc.o(i.RTC_SetDate), (148 bytes).
    Removing stm32f0xx_rtc.o(i.RTC_SetTime), (152 bytes).
    Removing stm32f0xx_rtc.o(i.RTC_SetWakeUpCounter), (24 bytes).
    Removing stm32f0xx_rtc.o(i.RTC_SmoothCalibConfig), (64 bytes).
    Removing stm32f0xx_rtc.o(i.RTC_StructInit), (14 bytes).
    Removing stm32f0xx_rtc.o(i.RTC_SynchroShiftConfig), (76 bytes).
    Removing stm32f0xx_rtc.o(i.RTC_TamperCmd), (24 bytes).
    Removing stm32f0xx_rtc.o(i.RTC_TamperFilterConfig), (24 bytes).
    Removing stm32f0xx_rtc.o(i.RTC_TamperPinsPrechargeDuration), (24 bytes).
    Removing stm32f0xx_rtc.o(i.RTC_TamperPullUpCmd), (24 bytes).
    Removing stm32f0xx_rtc.o(i.RTC_TamperSamplingFreqConfig), (24 bytes).
    Removing stm32f0xx_rtc.o(i.RTC_TamperTriggerConfig), (24 bytes).
    Removing stm32f0xx_rtc.o(i.RTC_TimeStampCmd), (44 bytes).
    Removing stm32f0xx_rtc.o(i.RTC_TimeStampOnTamperDetectionCmd), (24 bytes).
    Removing stm32f0xx_rtc.o(i.RTC_TimeStructInit), (12 bytes).
    Removing stm32f0xx_rtc.o(i.RTC_WaitForSynchro), (80 bytes).
    Removing stm32f0xx_rtc.o(i.RTC_WakeUpClockConfig), (36 bytes).
    Removing stm32f0xx_rtc.o(i.RTC_WakeUpCmd), (80 bytes).
    Removing stm32f0xx_rtc.o(i.RTC_WriteBackupRegister), (20 bytes).
    Removing stm32f0xx_rtc.o(i.RTC_WriteProtectionCmd), (24 bytes).
    Removing stm32f0xx_gpio.o(.rev16_text), (4 bytes).
    Removing stm32f0xx_gpio.o(.revsh_text), (4 bytes).
    Removing stm32f0xx_gpio.o(i.GPIO_DeInit), (112 bytes).
    Removing stm32f0xx_gpio.o(i.GPIO_PinLockConfig), (26 bytes).
    Removing stm32f0xx_gpio.o(i.GPIO_ReadInputData), (4 bytes).
    Removing stm32f0xx_gpio.o(i.GPIO_ReadOutputData), (4 bytes).
    Removing stm32f0xx_gpio.o(i.GPIO_ReadOutputDataBit), (14 bytes).
    Removing stm32f0xx_gpio.o(i.GPIO_StructInit), (24 bytes).
    Removing stm32f0xx_gpio.o(i.GPIO_Write), (4 bytes).
    Removing stm32f0xx_gpio.o(i.GPIO_WriteBit), (12 bytes).
    Removing stm32f0xx_dbgmcu.o(.rev16_text), (4 bytes).
    Removing stm32f0xx_dbgmcu.o(.revsh_text), (4 bytes).
    Removing stm32f0xx_dbgmcu.o(i.DBGMCU_APB1PeriphConfig), (24 bytes).
    Removing stm32f0xx_dbgmcu.o(i.DBGMCU_APB2PeriphConfig), (24 bytes).
    Removing stm32f0xx_dbgmcu.o(i.DBGMCU_Config), (24 bytes).
    Removing stm32f0xx_dbgmcu.o(i.DBGMCU_GetDEVID), (16 bytes).
    Removing stm32f0xx_dbgmcu.o(i.DBGMCU_GetREVID), (12 bytes).
    Removing stm32f0xx_crc.o(.rev16_text), (4 bytes).
    Removing stm32f0xx_crc.o(.revsh_text), (4 bytes).
    Removing stm32f0xx_crc.o(i.CRC_CalcBlockCRC), (28 bytes).
    Removing stm32f0xx_crc.o(i.CRC_CalcCRC), (12 bytes).
    Removing stm32f0xx_crc.o(i.CRC_CalcCRC16bits), (12 bytes).
    Removing stm32f0xx_crc.o(i.CRC_CalcCRC8bits), (12 bytes).
    Removing stm32f0xx_crc.o(i.CRC_DeInit), (32 bytes).
    Removing stm32f0xx_crc.o(i.CRC_GetCRC), (12 bytes).
    Removing stm32f0xx_crc.o(i.CRC_GetIDRegister), (12 bytes).
    Removing stm32f0xx_crc.o(i.CRC_PolynomialSizeSelect), (20 bytes).
    Removing stm32f0xx_crc.o(i.CRC_ReverseInputDataSelect), (20 bytes).
    Removing stm32f0xx_crc.o(i.CRC_ReverseOutputDataCmd), (24 bytes).
    Removing stm32f0xx_crc.o(i.CRC_SetIDRegister), (12 bytes).
    Removing stm32f0xx_crc.o(i.CRC_SetInitRegister), (12 bytes).
    Removing stm32f0xx_crc.o(i.CRC_SetPolynomial), (12 bytes).
    Removing stm32f0xx_wwdg.o(.rev16_text), (4 bytes).
    Removing stm32f0xx_wwdg.o(.revsh_text), (4 bytes).
    Removing stm32f0xx_wwdg.o(i.WWDG_ClearFlag), (12 bytes).
    Removing stm32f0xx_wwdg.o(i.WWDG_DeInit), (22 bytes).
    Removing stm32f0xx_wwdg.o(i.WWDG_Enable), (16 bytes).
    Removing stm32f0xx_wwdg.o(i.WWDG_EnableIT), (16 bytes).
    Removing stm32f0xx_wwdg.o(i.WWDG_GetFlagStatus), (20 bytes).
    Removing stm32f0xx_wwdg.o(i.WWDG_SetCounter), (16 bytes).
    Removing stm32f0xx_wwdg.o(i.WWDG_SetPrescaler), (20 bytes).
    Removing stm32f0xx_wwdg.o(i.WWDG_SetWindowValue), (28 bytes).
    Removing stm32f0xx_i2c.o(.rev16_text), (4 bytes).
    Removing stm32f0xx_i2c.o(.revsh_text), (4 bytes).
    Removing stm32f0xx_i2c.o(i.I2C_10BitAddressHeaderCmd), (20 bytes).
    Removing stm32f0xx_i2c.o(i.I2C_10BitAddressingModeCmd), (20 bytes).
    Removing stm32f0xx_i2c.o(i.I2C_AcknowledgeConfig), (20 bytes).
    Removing stm32f0xx_i2c.o(i.I2C_AutoEndCmd), (20 bytes).
    Removing stm32f0xx_i2c.o(i.I2C_CalculatePEC), (20 bytes).
    Removing stm32f0xx_i2c.o(i.I2C_ClearFlag), (4 bytes).
    Removing stm32f0xx_i2c.o(i.I2C_ClearITPendingBit), (4 bytes).
    Removing stm32f0xx_i2c.o(i.I2C_ClockTimeoutCmd), (20 bytes).
    Removing stm32f0xx_i2c.o(i.I2C_Cmd), (20 bytes).
    Removing stm32f0xx_i2c.o(i.I2C_DMACmd), (16 bytes).
    Removing stm32f0xx_i2c.o(i.I2C_DeInit), (40 bytes).
    Removing stm32f0xx_i2c.o(i.I2C_DualAddressCmd), (20 bytes).
    Removing stm32f0xx_i2c.o(i.I2C_ExtendedClockTimeoutCmd), (22 bytes).
    Removing stm32f0xx_i2c.o(i.I2C_GeneralCallCmd), (20 bytes).
    Removing stm32f0xx_i2c.o(i.I2C_GenerateSTART), (20 bytes).
    Removing stm32f0xx_i2c.o(i.I2C_GenerateSTOP), (20 bytes).
    Removing stm32f0xx_i2c.o(i.I2C_GetAddressMatched), (10 bytes).
    Removing stm32f0xx_i2c.o(i.I2C_GetFlagStatus), (14 bytes).
    Removing stm32f0xx_i2c.o(i.I2C_GetITStatus), (48 bytes).
    Removing stm32f0xx_i2c.o(i.I2C_GetPEC), (6 bytes).
    Removing stm32f0xx_i2c.o(i.I2C_GetTransferDirection), (18 bytes).
    Removing stm32f0xx_i2c.o(i.I2C_ITConfig), (16 bytes).
    Removing stm32f0xx_i2c.o(i.I2C_IdleClockTimeoutCmd), (20 bytes).
    Removing stm32f0xx_i2c.o(i.I2C_Init), (100 bytes).
    Removing stm32f0xx_i2c.o(i.I2C_MasterRequestConfig), (20 bytes).
    Removing stm32f0xx_i2c.o(i.I2C_NumberOfBytesConfig), (16 bytes).
    Removing stm32f0xx_i2c.o(i.I2C_OwnAddress2Config), (28 bytes).
    Removing stm32f0xx_i2c.o(i.I2C_PECRequestCmd), (20 bytes).
    Removing stm32f0xx_i2c.o(i.I2C_ReadRegister), (10 bytes).
    Removing stm32f0xx_i2c.o(i.I2C_ReceiveData), (6 bytes).
    Removing stm32f0xx_i2c.o(i.I2C_ReloadCmd), (20 bytes).
    Removing stm32f0xx_i2c.o(i.I2C_SMBusAlertCmd), (20 bytes).
    Removing stm32f0xx_i2c.o(i.I2C_SendData), (4 bytes).
    Removing stm32f0xx_i2c.o(i.I2C_SlaveAddressConfig), (16 bytes).
    Removing stm32f0xx_i2c.o(i.I2C_SlaveByteControlCmd), (20 bytes).
    Removing stm32f0xx_i2c.o(i.I2C_SoftwareResetCmd), (20 bytes).
    Removing stm32f0xx_i2c.o(i.I2C_StopModeCmd), (20 bytes).
    Removing stm32f0xx_i2c.o(i.I2C_StretchClockCmd), (20 bytes).
    Removing stm32f0xx_i2c.o(i.I2C_StructInit), (22 bytes).
    Removing stm32f0xx_i2c.o(i.I2C_TimeoutAConfig), (16 bytes).
    Removing stm32f0xx_i2c.o(i.I2C_TimeoutBConfig), (20 bytes).
    Removing stm32f0xx_i2c.o(i.I2C_TransferHandling), (32 bytes).
    Removing stm32f0xx_misc.o(.rev16_text), (4 bytes).
    Removing stm32f0xx_misc.o(.revsh_text), (4 bytes).
    Removing stm32f0xx_misc.o(i.NVIC_SystemLPConfig), (24 bytes).
    Removing stm32f0xx_misc.o(i.SysTick_CLKSourceConfig), (24 bytes).
    Removing stm32f0xx_tim.o(.rev16_text), (4 bytes).
    Removing stm32f0xx_tim.o(.revsh_text), (4 bytes).
    Removing stm32f0xx_tim.o(i.TI1_Config), (40 bytes).
    Removing stm32f0xx_tim.o(i.TI2_Config), (48 bytes).
    Removing stm32f0xx_tim.o(i.TIM_ARRPreloadConfig), (18 bytes).
    Removing stm32f0xx_tim.o(i.TIM_BDTRConfig), (34 bytes).
    Removing stm32f0xx_tim.o(i.TIM_BDTRStructInit), (18 bytes).
    Removing stm32f0xx_tim.o(i.TIM_CCPreloadControl), (20 bytes).
    Removing stm32f0xx_tim.o(i.TIM_CCxCmd), (22 bytes).
    Removing stm32f0xx_tim.o(i.TIM_CCxNCmd), (22 bytes).
    Removing stm32f0xx_tim.o(i.TIM_ClearFlag), (6 bytes).
    Removing stm32f0xx_tim.o(i.TIM_ClearOC1Ref), (12 bytes).
    Removing stm32f0xx_tim.o(i.TIM_ClearOC2Ref), (14 bytes).
    Removing stm32f0xx_tim.o(i.TIM_ClearOC3Ref), (12 bytes).
    Removing stm32f0xx_tim.o(i.TIM_ClearOC4Ref), (14 bytes).
    Removing stm32f0xx_tim.o(i.TIM_CounterModeConfig), (12 bytes).
    Removing stm32f0xx_tim.o(i.TIM_CtrlPWMOutputs), (24 bytes).
    Removing stm32f0xx_tim.o(i.TIM_DMACmd), (16 bytes).
    Removing stm32f0xx_tim.o(i.TIM_DMAConfig), (8 bytes).
    Removing stm32f0xx_tim.o(i.TIM_DeInit), (204 bytes).
    Removing stm32f0xx_tim.o(i.TIM_ETRClockMode1Config), (28 bytes).
    Removing stm32f0xx_tim.o(i.TIM_ETRClockMode2Config), (20 bytes).
    Removing stm32f0xx_tim.o(i.TIM_ETRConfig), (18 bytes).
    Removing stm32f0xx_tim.o(i.TIM_EncoderInterfaceConfig), (48 bytes).
    Removing stm32f0xx_tim.o(i.TIM_ForcedOC1Config), (12 bytes).
    Removing stm32f0xx_tim.o(i.TIM_ForcedOC2Config), (20 bytes).
    Removing stm32f0xx_tim.o(i.TIM_ForcedOC3Config), (12 bytes).
    Removing stm32f0xx_tim.o(i.TIM_ForcedOC4Config), (20 bytes).
    Removing stm32f0xx_tim.o(i.TIM_GenerateEvent), (4 bytes).
    Removing stm32f0xx_tim.o(i.TIM_GetCapture1), (4 bytes).
    Removing stm32f0xx_tim.o(i.TIM_GetCapture2), (4 bytes).
    Removing stm32f0xx_tim.o(i.TIM_GetCapture3), (4 bytes).
    Removing stm32f0xx_tim.o(i.TIM_GetCapture4), (4 bytes).
    Removing stm32f0xx_tim.o(i.TIM_GetCounter), (4 bytes).
    Removing stm32f0xx_tim.o(i.TIM_GetFlagStatus), (14 bytes).
    Removing stm32f0xx_tim.o(i.TIM_GetPrescaler), (4 bytes).
    Removing stm32f0xx_tim.o(i.TIM_ICInit), (184 bytes).
    Removing stm32f0xx_tim.o(i.TIM_ICStructInit), (16 bytes).
    Removing stm32f0xx_tim.o(i.TIM_ITRxExternalClockConfig), (18 bytes).
    Removing stm32f0xx_tim.o(i.TIM_InternalClockConfig), (10 bytes).
    Removing stm32f0xx_tim.o(i.TIM_OC1FastConfig), (12 bytes).
    Removing stm32f0xx_tim.o(i.TIM_OC1Init), (124 bytes).
    Removing stm32f0xx_tim.o(i.TIM_OC1NPolarityConfig), (12 bytes).
    Removing stm32f0xx_tim.o(i.TIM_OC1PolarityConfig), (12 bytes).
    Removing stm32f0xx_tim.o(i.TIM_OC1PreloadConfig), (12 bytes).
    Removing stm32f0xx_tim.o(i.TIM_OC2FastConfig), (20 bytes).
    Removing stm32f0xx_tim.o(i.TIM_OC2Init), (144 bytes).
    Removing stm32f0xx_tim.o(i.TIM_OC2NPolarityConfig), (14 bytes).
    Removing stm32f0xx_tim.o(i.TIM_OC2PolarityConfig), (14 bytes).
    Removing stm32f0xx_tim.o(i.TIM_OC2PreloadConfig), (20 bytes).
    Removing stm32f0xx_tim.o(i.TIM_OC3FastConfig), (12 bytes).
    Removing stm32f0xx_tim.o(i.TIM_OC3Init), (136 bytes).
    Removing stm32f0xx_tim.o(i.TIM_OC3NPolarityConfig), (20 bytes).
    Removing stm32f0xx_tim.o(i.TIM_OC3PolarityConfig), (20 bytes).
    Removing stm32f0xx_tim.o(i.TIM_OC3PreloadConfig), (12 bytes).
    Removing stm32f0xx_tim.o(i.TIM_OC4FastConfig), (20 bytes).
    Removing stm32f0xx_tim.o(i.TIM_OC4Init), (100 bytes).
    Removing stm32f0xx_tim.o(i.TIM_OC4PolarityConfig), (20 bytes).
    Removing stm32f0xx_tim.o(i.TIM_OC4PreloadConfig), (20 bytes).
    Removing stm32f0xx_tim.o(i.TIM_OCStructInit), (20 bytes).
    Removing stm32f0xx_tim.o(i.TIM_PWMIConfig), (104 bytes).
    Removing stm32f0xx_tim.o(i.TIM_PrescalerConfig), (6 bytes).
    Removing stm32f0xx_tim.o(i.TIM_RemapConfig), (6 bytes).
    Removing stm32f0xx_tim.o(i.TIM_SelectCCDMA), (18 bytes).
    Removing stm32f0xx_tim.o(i.TIM_SelectCOM), (18 bytes).
    Removing stm32f0xx_tim.o(i.TIM_SelectHallSensor), (18 bytes).
    Removing stm32f0xx_tim.o(i.TIM_SelectInputTrigger), (12 bytes).
    Removing stm32f0xx_tim.o(i.TIM_SelectMasterSlaveMode), (16 bytes).
    Removing stm32f0xx_tim.o(i.TIM_SelectOCREFClear), (16 bytes).
    Removing stm32f0xx_tim.o(i.TIM_SelectOCxM), (70 bytes).
    Removing stm32f0xx_tim.o(i.TIM_SelectOnePulseMode), (16 bytes).
    Removing stm32f0xx_tim.o(i.TIM_SelectOutputTrigger), (16 bytes).
    Removing stm32f0xx_tim.o(i.TIM_SelectSlaveMode), (16 bytes).
    Removing stm32f0xx_tim.o(i.TIM_SetAutoreload), (4 bytes).
    Removing stm32f0xx_tim.o(i.TIM_SetClockDivision), (20 bytes).
    Removing stm32f0xx_tim.o(i.TIM_SetCompare1), (4 bytes).
    Removing stm32f0xx_tim.o(i.TIM_SetCompare2), (4 bytes).
    Removing stm32f0xx_tim.o(i.TIM_SetCompare3), (4 bytes).
    Removing stm32f0xx_tim.o(i.TIM_SetCompare4), (4 bytes).
    Removing stm32f0xx_tim.o(i.TIM_SetCounter), (4 bytes).
    Removing stm32f0xx_tim.o(i.TIM_SetIC1Prescaler), (16 bytes).
    Removing stm32f0xx_tim.o(i.TIM_SetIC2Prescaler), (24 bytes).
    Removing stm32f0xx_tim.o(i.TIM_SetIC3Prescaler), (16 bytes).
    Removing stm32f0xx_tim.o(i.TIM_SetIC4Prescaler), (24 bytes).
    Removing stm32f0xx_tim.o(i.TIM_TIxExternalClockConfig), (48 bytes).
    Removing stm32f0xx_tim.o(i.TIM_TimeBaseStructInit), (18 bytes).
    Removing stm32f0xx_tim.o(i.TIM_UpdateDisableConfig), (18 bytes).
    Removing stm32f0xx_tim.o(i.TIM_UpdateRequestConfig), (18 bytes).
    Removing delay.o(.rev16_text), (4 bytes).
    Removing delay.o(.revsh_text), (4 bytes).
    Removing delay.o(i.delay_init), (48 bytes).
    Removing delay.o(i.delay_us), (52 bytes).
    Removing led.o(.rev16_text), (4 bytes).
    Removing led.o(.revsh_text), (4 bytes).
    Removing led.o(i.LEDToggle), (16 bytes).
    Removing magnet.o(.rev16_text), (4 bytes).
    Removing magnet.o(.revsh_text), (4 bytes).
    Removing magnet.o(i.MAGNET_Test), (520 bytes).
    Removing timer.o(.rev16_text), (4 bytes).
    Removing timer.o(.revsh_text), (4 bytes).
    Removing u485.o(.rev16_text), (4 bytes).
    Removing u485.o(.revsh_text), (4 bytes).
    Removing u485.o(i._sys_exit), (2 bytes).
    Removing u485.o(.data), (10 bytes).
    Removing u485.o(.data), (1 bytes).
    Removing u485.o(.data), (1 bytes).
    Removing u485.o(.data), (1 bytes).
    Removing u485.o(.data), (1 bytes).
    Removing u485.o(.data), (2 bytes).
    Removing crc.o(.rev16_text), (4 bytes).
    Removing crc.o(.revsh_text), (4 bytes).
    Removing flash.o(.rev16_text), (4 bytes).
    Removing flash.o(.revsh_text), (4 bytes).
    Removing flash.o(i.STM32_FLASH_Read), (24 bytes).
    Removing flash.o(i.STM32_FLASH_ReadHalfWord), (4 bytes).
    Removing flash.o(i.STM32_FLASH_Write), (200 bytes).
    Removing flash.o(i.STM32_FLASH_Write_NoCheck), (34 bytes).
    Removing flash.o(.bss), (1024 bytes).
    Removing wdg.o(.rev16_text), (4 bytes).
    Removing wdg.o(.revsh_text), (4 bytes).
    Removing dialswitch.o(.rev16_text), (4 bytes).
    Removing dialswitch.o(.revsh_text), (4 bytes).
    Removing dadd.o(.text), (356 bytes).
    Removing dmul.o(.text), (208 bytes).
    Removing ddiv.o(.text), (240 bytes).
    Removing dfixul.o(.text), (64 bytes).
    Removing cdrcmple.o(.text), (40 bytes).
    Removing depilogue.o(.text), (190 bytes).
    Removing depilogue.o(i.__ARM_clz), (46 bytes).

511 unused section(s) (total 16208 bytes) removed from the image.

==============================================================================

Image Symbol Table

    Local Symbols

    Symbol Name                              Value     Ov Type        Size  Object(Section)

    ../clib/microlib/division.c              0x00000000   Number         0  uldiv.o ABSOLUTE
    ../clib/microlib/division.c              0x00000000   Number         0  uidiv.o ABSOLUTE
    ../clib/microlib/init/entry.s            0x00000000   Number         0  entry9a.o ABSOLUTE
    ../clib/microlib/init/entry.s            0x00000000   Number         0  entry9b.o ABSOLUTE
    ../clib/microlib/init/entry.s            0x00000000   Number         0  entry10a.o ABSOLUTE
    ../clib/microlib/init/entry.s            0x00000000   Number         0  entry10b.o ABSOLUTE
    ../clib/microlib/init/entry.s            0x00000000   Number         0  entry7a.o ABSOLUTE
    ../clib/microlib/init/entry.s            0x00000000   Number         0  entry7b.o ABSOLUTE
    ../clib/microlib/init/entry.s            0x00000000   Number         0  entry.o ABSOLUTE
    ../clib/microlib/init/entry.s            0x00000000   Number         0  entry11a.o ABSOLUTE
    ../clib/microlib/init/entry.s            0x00000000   Number         0  entry11b.o ABSOLUTE
    ../clib/microlib/init/entry.s            0x00000000   Number         0  entry2.o ABSOLUTE
    ../clib/microlib/init/entry.s            0x00000000   Number         0  entry5.o ABSOLUTE
    ../clib/microlib/init/entry.s            0x00000000   Number         0  entry8a.o ABSOLUTE
    ../clib/microlib/init/entry.s            0x00000000   Number         0  entry8b.o ABSOLUTE
    ../clib/microlib/longlong.c              0x00000000   Number         0  llshl.o ABSOLUTE
    ../clib/microlib/longlong.c              0x00000000   Number         0  llsshr.o ABSOLUTE
    ../clib/microlib/longlong.c              0x00000000   Number         0  llushr.o ABSOLUTE
    ../clib/microlib/printf/printf.c         0x00000000   Number         0  printf2.o ABSOLUTE
    ../clib/microlib/printf/printf.c         0x00000000   Number         0  printf1.o ABSOLUTE
    ../clib/microlib/printf/printf.c         0x00000000   Number         0  printf0.o ABSOLUTE
    ../clib/microlib/printf/printf.c         0x00000000   Number         0  printfb.o ABSOLUTE
    ../clib/microlib/printf/printf.c         0x00000000   Number         0  printf4.o ABSOLUTE
    ../clib/microlib/printf/printf.c         0x00000000   Number         0  printf5.o ABSOLUTE
    ../clib/microlib/printf/printf.c         0x00000000   Number         0  printf6.o ABSOLUTE
    ../clib/microlib/printf/printf.c         0x00000000   Number         0  printf8.o ABSOLUTE
    ../clib/microlib/printf/printf.c         0x00000000   Number         0  printf3.o ABSOLUTE
    ../clib/microlib/printf/printf.c         0x00000000   Number         0  printfa.o ABSOLUTE
    ../clib/microlib/printf/printf.c         0x00000000   Number         0  printf7.o ABSOLUTE
    ../clib/microlib/printf/stubs.s          0x00000000   Number         0  stubs.o ABSOLUTE
    ../clib/microlib/string/memcpy.c         0x00000000   Number         0  memcpyb.o ABSOLUTE
    ../clib/microlib/string/memcpy.c         0x00000000   Number         0  memcpya.o ABSOLUTE
    ../clib/microlib/stubs.s                 0x00000000   Number         0  useno.o ABSOLUTE
    ../clib/microlib/stubs.s                 0x00000000   Number         0  iusefp.o ABSOLUTE
    ../fplib/microlib/fpadd.c                0x00000000   Number         0  dadd.o ABSOLUTE
    ../fplib/microlib/fpdiv.c                0x00000000   Number         0  ddiv.o ABSOLUTE
    ../fplib/microlib/fpepilogue.c           0x00000000   Number         0  depilogue.o ABSOLUTE
    ../fplib/microlib/fpfix.c                0x00000000   Number         0  dfixul.o ABSOLUTE
    ../fplib/microlib/fpmul.c                0x00000000   Number         0  dmul.o ABSOLUTE
    ..\..\..\Libraries\CMSIS\Device\ST\STM32F0xx\Source\Templates\arm\startup_stm32f030.s 0x00000000   Number         0  startup_stm32f030.o ABSOLUTE
    ..\..\..\Libraries\STM32F0xx_StdPeriph_Driver\src\stm32f0xx_adc.c 0x00000000   Number         0  stm32f0xx_adc.o ABSOLUTE
    ..\..\..\Libraries\STM32F0xx_StdPeriph_Driver\src\stm32f0xx_crc.c 0x00000000   Number         0  stm32f0xx_crc.o ABSOLUTE
    ..\..\..\Libraries\STM32F0xx_StdPeriph_Driver\src\stm32f0xx_dbgmcu.c 0x00000000   Number         0  stm32f0xx_dbgmcu.o ABSOLUTE
    ..\..\..\Libraries\STM32F0xx_StdPeriph_Driver\src\stm32f0xx_dma.c 0x00000000   Number         0  stm32f0xx_dma.o ABSOLUTE
    ..\..\..\Libraries\STM32F0xx_StdPeriph_Driver\src\stm32f0xx_exti.c 0x00000000   Number         0  stm32f0xx_exti.o ABSOLUTE
    ..\..\..\Libraries\STM32F0xx_StdPeriph_Driver\src\stm32f0xx_flash.c 0x00000000   Number         0  stm32f0xx_flash.o ABSOLUTE
    ..\..\..\Libraries\STM32F0xx_StdPeriph_Driver\src\stm32f0xx_gpio.c 0x00000000   Number         0  stm32f0xx_gpio.o ABSOLUTE
    ..\..\..\Libraries\STM32F0xx_StdPeriph_Driver\src\stm32f0xx_i2c.c 0x00000000   Number         0  stm32f0xx_i2c.o ABSOLUTE
    ..\..\..\Libraries\STM32F0xx_StdPeriph_Driver\src\stm32f0xx_iwdg.c 0x00000000   Number         0  stm32f0xx_iwdg.o ABSOLUTE
    ..\..\..\Libraries\STM32F0xx_StdPeriph_Driver\src\stm32f0xx_misc.c 0x00000000   Number         0  stm32f0xx_misc.o ABSOLUTE
    ..\..\..\Libraries\STM32F0xx_StdPeriph_Driver\src\stm32f0xx_pwr.c 0x00000000   Number         0  stm32f0xx_pwr.o ABSOLUTE
    ..\..\..\Libraries\STM32F0xx_StdPeriph_Driver\src\stm32f0xx_rcc.c 0x00000000   Number         0  stm32f0xx_rcc.o ABSOLUTE
    ..\..\..\Libraries\STM32F0xx_StdPeriph_Driver\src\stm32f0xx_rtc.c 0x00000000   Number         0  stm32f0xx_rtc.o ABSOLUTE
    ..\..\..\Libraries\STM32F0xx_StdPeriph_Driver\src\stm32f0xx_spi.c 0x00000000   Number         0  stm32f0xx_spi.o ABSOLUTE
    ..\..\..\Libraries\STM32F0xx_StdPeriph_Driver\src\stm32f0xx_syscfg.c 0x00000000   Number         0  stm32f0xx_syscfg.o ABSOLUTE
    ..\..\..\Libraries\STM32F0xx_StdPeriph_Driver\src\stm32f0xx_tim.c 0x00000000   Number         0  stm32f0xx_tim.o ABSOLUTE
    ..\..\..\Libraries\STM32F0xx_StdPeriph_Driver\src\stm32f0xx_usart.c 0x00000000   Number         0  stm32f0xx_usart.o ABSOLUTE
    ..\..\..\Libraries\STM32F0xx_StdPeriph_Driver\src\stm32f0xx_wwdg.c 0x00000000   Number         0  stm32f0xx_wwdg.o ABSOLUTE
    ..\HARDWARE\crc.c                        0x00000000   Number         0  crc.o ABSOLUTE
    ..\HARDWARE\delay.c                      0x00000000   Number         0  delay.o ABSOLUTE
    ..\HARDWARE\dialswitch.c                 0x00000000   Number         0  dialswitch.o ABSOLUTE
    ..\HARDWARE\flash.c                      0x00000000   Number         0  flash.o ABSOLUTE
    ..\HARDWARE\led.c                        0x00000000   Number         0  led.o ABSOLUTE
    ..\HARDWARE\magnet.c                     0x00000000   Number         0  magnet.o ABSOLUTE
    ..\HARDWARE\timer.c                      0x00000000   Number         0  timer.o ABSOLUTE
    ..\HARDWARE\u485.c                       0x00000000   Number         0  u485.o ABSOLUTE
    ..\HARDWARE\wdg.c                        0x00000000   Number         0  wdg.o ABSOLUTE
    ..\\..\\..\\Libraries\\STM32F0xx_StdPeriph_Driver\\src\\stm32f0xx_adc.c 0x00000000   Number         0  stm32f0xx_adc.o ABSOLUTE
    ..\\..\\..\\Libraries\\STM32F0xx_StdPeriph_Driver\\src\\stm32f0xx_crc.c 0x00000000   Number         0  stm32f0xx_crc.o ABSOLUTE
    ..\\..\\..\\Libraries\\STM32F0xx_StdPeriph_Driver\\src\\stm32f0xx_dbgmcu.c 0x00000000   Number         0  stm32f0xx_dbgmcu.o ABSOLUTE
    ..\\..\\..\\Libraries\\STM32F0xx_StdPeriph_Driver\\src\\stm32f0xx_dma.c 0x00000000   Number         0  stm32f0xx_dma.o ABSOLUTE
    ..\\..\\..\\Libraries\\STM32F0xx_StdPeriph_Driver\\src\\stm32f0xx_exti.c 0x00000000   Number         0  stm32f0xx_exti.o ABSOLUTE
    ..\\..\\..\\Libraries\\STM32F0xx_StdPeriph_Driver\\src\\stm32f0xx_flash.c 0x00000000   Number         0  stm32f0xx_flash.o ABSOLUTE
    ..\\..\\..\\Libraries\\STM32F0xx_StdPeriph_Driver\\src\\stm32f0xx_gpio.c 0x00000000   Number         0  stm32f0xx_gpio.o ABSOLUTE
    ..\\..\\..\\Libraries\\STM32F0xx_StdPeriph_Driver\\src\\stm32f0xx_i2c.c 0x00000000   Number         0  stm32f0xx_i2c.o ABSOLUTE
    ..\\..\\..\\Libraries\\STM32F0xx_StdPeriph_Driver\\src\\stm32f0xx_iwdg.c 0x00000000   Number         0  stm32f0xx_iwdg.o ABSOLUTE
    ..\\..\\..\\Libraries\\STM32F0xx_StdPeriph_Driver\\src\\stm32f0xx_misc.c 0x00000000   Number         0  stm32f0xx_misc.o ABSOLUTE
    ..\\..\\..\\Libraries\\STM32F0xx_StdPeriph_Driver\\src\\stm32f0xx_pwr.c 0x00000000   Number         0  stm32f0xx_pwr.o ABSOLUTE
    ..\\..\\..\\Libraries\\STM32F0xx_StdPeriph_Driver\\src\\stm32f0xx_rcc.c 0x00000000   Number         0  stm32f0xx_rcc.o ABSOLUTE
    ..\\..\\..\\Libraries\\STM32F0xx_StdPeriph_Driver\\src\\stm32f0xx_rtc.c 0x00000000   Number         0  stm32f0xx_rtc.o ABSOLUTE
    ..\\..\\..\\Libraries\\STM32F0xx_StdPeriph_Driver\\src\\stm32f0xx_spi.c 0x00000000   Number         0  stm32f0xx_spi.o ABSOLUTE
    ..\\..\\..\\Libraries\\STM32F0xx_StdPeriph_Driver\\src\\stm32f0xx_syscfg.c 0x00000000   Number         0  stm32f0xx_syscfg.o ABSOLUTE
    ..\\..\\..\\Libraries\\STM32F0xx_StdPeriph_Driver\\src\\stm32f0xx_tim.c 0x00000000   Number         0  stm32f0xx_tim.o ABSOLUTE
    ..\\..\\..\\Libraries\\STM32F0xx_StdPeriph_Driver\\src\\stm32f0xx_usart.c 0x00000000   Number         0  stm32f0xx_usart.o ABSOLUTE
    ..\\..\\..\\Libraries\\STM32F0xx_StdPeriph_Driver\\src\\stm32f0xx_wwdg.c 0x00000000   Number         0  stm32f0xx_wwdg.o ABSOLUTE
    ..\\HARDWARE\\crc.c                      0x00000000   Number         0  crc.o ABSOLUTE
    ..\\HARDWARE\\delay.c                    0x00000000   Number         0  delay.o ABSOLUTE
    ..\\HARDWARE\\dialswitch.c               0x00000000   Number         0  dialswitch.o ABSOLUTE
    ..\\HARDWARE\\flash.c                    0x00000000   Number         0  flash.o ABSOLUTE
    ..\\HARDWARE\\led.c                      0x00000000   Number         0  led.o ABSOLUTE
    ..\\HARDWARE\\magnet.c                   0x00000000   Number         0  magnet.o ABSOLUTE
    ..\\HARDWARE\\timer.c                    0x00000000   Number         0  timer.o ABSOLUTE
    ..\\HARDWARE\\u485.c                     0x00000000   Number         0  u485.o ABSOLUTE
    ..\\HARDWARE\\wdg.c                      0x00000000   Number         0  wdg.o ABSOLUTE
    ..\\main.c                               0x00000000   Number         0  main.o ABSOLUTE
    ..\\stm32f0xx_it.c                       0x00000000   Number         0  stm32f0xx_it.o ABSOLUTE
    ..\\system_stm32f0xx.c                   0x00000000   Number         0  system_stm32f0xx.o ABSOLUTE
    ..\main.c                                0x00000000   Number         0  main.o ABSOLUTE
    ..\stm32f0xx_it.c                        0x00000000   Number         0  stm32f0xx_it.o ABSOLUTE
    ..\system_stm32f0xx.c                    0x00000000   Number         0  system_stm32f0xx.o ABSOLUTE
    cdrcmple.s                               0x00000000   Number         0  cdrcmple.o ABSOLUTE
    dc.s                                     0x00000000   Number         0  dc.o ABSOLUTE
    handlers.s                               0x00000000   Number         0  handlers.o ABSOLUTE
    init.s                                   0x00000000   Number         0  init.o ABSOLUTE
    RESET                                    0x08004000   Section      180  startup_stm32f030.o(RESET)
    .ARM.Collect$$$$00000000                 0x080040b4   Section        0  entry.o(.ARM.Collect$$$$00000000)
    .ARM.Collect$$$$00000001                 0x080040b4   Section        4  entry2.o(.ARM.Collect$$$$00000001)
    .ARM.Collect$$$$00000004                 0x080040b8   Section        4  entry5.o(.ARM.Collect$$$$00000004)
    .ARM.Collect$$$$00000008                 0x080040bc   Section        0  entry7b.o(.ARM.Collect$$$$00000008)
    .ARM.Collect$$$$0000000A                 0x080040bc   Section        0  entry8b.o(.ARM.Collect$$$$0000000A)
    .ARM.Collect$$$$0000000B                 0x080040bc   Section        8  entry9a.o(.ARM.Collect$$$$0000000B)
    .ARM.Collect$$$$0000000D                 0x080040c4   Section        0  entry10a.o(.ARM.Collect$$$$0000000D)
    .ARM.Collect$$$$0000000F                 0x080040c4   Section        0  entry11a.o(.ARM.Collect$$$$0000000F)
    .ARM.Collect$$$$00002712                 0x080040c4   Section        4  entry2.o(.ARM.Collect$$$$00002712)
    __lit__00000000                          0x080040c4   Data           4  entry2.o(.ARM.Collect$$$$00002712)
    .text                                    0x080040c8   Section       72  startup_stm32f030.o(.text)
    .text                                    0x08004110   Section        0  uidiv.o(.text)
    .text                                    0x0800413c   Section        0  memcpya.o(.text)
    .text                                    0x08004160   Section       36  init.o(.text)
    i.CRC_ResetDR                            0x08004184   Section        0  stm32f0xx_crc.o(i.CRC_ResetDR)
    i.GPIO_Init                              0x08004194   Section        0  stm32f0xx_gpio.o(i.GPIO_Init)
    i.GPIO_PinAFConfig                       0x08004204   Section        0  stm32f0xx_gpio.o(i.GPIO_PinAFConfig)
    i.GPIO_ReadInputDataBit                  0x08004224   Section        0  stm32f0xx_gpio.o(i.GPIO_ReadInputDataBit)
    i.GPIO_ResetBits                         0x08004232   Section        0  stm32f0xx_gpio.o(i.GPIO_ResetBits)
    i.GPIO_SetBits                           0x08004236   Section        0  stm32f0xx_gpio.o(i.GPIO_SetBits)
    i.HardFault_Handler                      0x0800423a   Section        0  stm32f0xx_it.o(i.HardFault_Handler)
    i.IWDG_Config                            0x0800423c   Section        0  wdg.o(i.IWDG_Config)
    i.IWDG_Enable                            0x08004270   Section        0  stm32f0xx_iwdg.o(i.IWDG_Enable)
    i.IWDG_Feed                              0x08004280   Section        0  wdg.o(i.IWDG_Feed)
    i.IWDG_ReloadCounter                     0x08004288   Section        0  stm32f0xx_iwdg.o(i.IWDG_ReloadCounter)
    i.IWDG_SetPrescaler                      0x08004298   Section        0  stm32f0xx_iwdg.o(i.IWDG_SetPrescaler)
    i.IWDG_SetReload                         0x080042a4   Section        0  stm32f0xx_iwdg.o(i.IWDG_SetReload)
    i.IWDG_WriteAccessCmd                    0x080042b0   Section        0  stm32f0xx_iwdg.o(i.IWDG_WriteAccessCmd)
    i.LEDInit                                0x080042bc   Section        0  led.o(i.LEDInit)
    i.MAGNETInit                             0x080042e8   Section        0  magnet.o(i.MAGNETInit)
    i.MAGNET_Manage                          0x08004390   Section        0  magnet.o(i.MAGNET_Manage)
    i.NMI_Handler                            0x080049c0   Section        0  stm32f0xx_it.o(i.NMI_Handler)
    i.NVIC_Init                              0x080049c4   Section        0  stm32f0xx_misc.o(i.NVIC_Init)
    i.PendSV_Handler                         0x08004a14   Section        0  stm32f0xx_it.o(i.PendSV_Handler)
    i.RCC_AHBPeriphClockCmd                  0x08004a18   Section        0  stm32f0xx_rcc.o(i.RCC_AHBPeriphClockCmd)
    i.RCC_APB1PeriphClockCmd                 0x08004a30   Section        0  stm32f0xx_rcc.o(i.RCC_APB1PeriphClockCmd)
    i.RCC_APB2PeriphClockCmd                 0x08004a48   Section        0  stm32f0xx_rcc.o(i.RCC_APB2PeriphClockCmd)
    i.RCC_ClearFlag                          0x08004a60   Section        0  stm32f0xx_rcc.o(i.RCC_ClearFlag)
    i.RCC_GetClocksFreq                      0x08004a74   Section        0  stm32f0xx_rcc.o(i.RCC_GetClocksFreq)
    i.RCC_GetFlagStatus                      0x08004bec   Section        0  stm32f0xx_rcc.o(i.RCC_GetFlagStatus)
    i.SVC_Handler                            0x08004c20   Section        0  stm32f0xx_it.o(i.SVC_Handler)
    i.SYSCFG_MemoryRemapConfig               0x08004c24   Section        0  stm32f0xx_syscfg.o(i.SYSCFG_MemoryRemapConfig)
    i.SetSysClock                            0x08004c38   Section        0  system_stm32f0xx.o(i.SetSysClock)
    SetSysClock                              0x08004c39   Thumb Code   142  system_stm32f0xx.o(i.SetSysClock)
    i.SysTick_Handler                        0x08004cd0   Section        0  stm32f0xx_it.o(i.SysTick_Handler)
    i.SystemInit                             0x08004cd4   Section        0  system_stm32f0xx.o(i.SystemInit)
    i.TIM3_IRQHandler                        0x08004d34   Section        0  timer.o(i.TIM3_IRQHandler)
    i.TIM3_Int_Init                          0x08005380   Section        0  timer.o(i.TIM3_Int_Init)
    i.TIM_ClearITPendingBit                  0x080053d0   Section        0  stm32f0xx_tim.o(i.TIM_ClearITPendingBit)
    i.TIM_Cmd                                0x080053d6   Section        0  stm32f0xx_tim.o(i.TIM_Cmd)
    i.TIM_GetITStatus                        0x080053ea   Section        0  stm32f0xx_tim.o(i.TIM_GetITStatus)
    i.TIM_ITConfig                           0x08005402   Section        0  stm32f0xx_tim.o(i.TIM_ITConfig)
    i.TIM_TimeBaseInit                       0x08005414   Section        0  stm32f0xx_tim.o(i.TIM_TimeBaseInit)
    i.USART1_IRQHandler                      0x08005488   Section        0  u485.o(i.USART1_IRQHandler)
    i.USART_ClearFlag                        0x08005500   Section        0  stm32f0xx_usart.o(i.USART_ClearFlag)
    i.USART_ClearITPendingBit                0x08005504   Section        0  stm32f0xx_usart.o(i.USART_ClearITPendingBit)
    i.USART_Cmd                              0x0800550e   Section        0  stm32f0xx_usart.o(i.USART_Cmd)
    i.USART_GetFlagStatus                    0x08005522   Section        0  stm32f0xx_usart.o(i.USART_GetFlagStatus)
    i.USART_GetITStatus                      0x08005530   Section        0  stm32f0xx_usart.o(i.USART_GetITStatus)
    i.USART_ITConfig                         0x08005568   Section        0  stm32f0xx_usart.o(i.USART_ITConfig)
    i.USART_Init                             0x08005594   Section        0  stm32f0xx_usart.o(i.USART_Init)
    i.USART_ReceiveData                      0x0800563c   Section        0  stm32f0xx_usart.o(i.USART_ReceiveData)
    i.USART_SendData                         0x08005644   Section        0  stm32f0xx_usart.o(i.USART_SendData)
    i.Usart_SendByte                         0x0800564c   Section        0  u485.o(i.Usart_SendByte)
    i.Usart_SendString                       0x08005670   Section        0  u485.o(i.Usart_SendString)
    i.__0printf$2                            0x08005690   Section        0  printf2.o(i.__0printf$2)
    i.__0snprintf$2                          0x080056b0   Section        0  printf2.o(i.__0snprintf$2)
    i.__ARM_common_switch8                   0x080056dc   Section        0  magnet.o(i.__ARM_common_switch8)
    i.__scatterload_copy                     0x080056f6   Section       14  handlers.o(i.__scatterload_copy)
    i.__scatterload_null                     0x08005704   Section        2  handlers.o(i.__scatterload_null)
    i.__scatterload_zeroinit                 0x08005706   Section       14  handlers.o(i.__scatterload_zeroinit)
    i._printf_core                           0x08005714   Section        0  printf2.o(i._printf_core)
    _printf_core                             0x08005715   Thumb Code   210  printf2.o(i._printf_core)
    i._snputc                                0x080057e6   Section        0  printf2.o(i._snputc)
    _snputc                                  0x080057e7   Thumb Code    22  printf2.o(i._snputc)
    i.crc_calculate                          0x080057fc   Section        0  crc.o(i.crc_calculate)
    i.crc_init                               0x08005824   Section        0  crc.o(i.crc_init)
    i.delay_ms                               0x08005830   Section        0  delay.o(i.delay_ms)
    i.dialswitch_init                        0x08005864   Section        0  dialswitch.o(i.dialswitch_init)
    i.dialswitch_read                        0x080058ac   Section        0  dialswitch.o(i.dialswitch_read)
    i.fputc                                  0x08005994   Section        0  u485.o(i.fputc)
    i.main                                   0x080059b8   Section        0  main.o(i.main)
    i.u485_init                              0x08005a1c   Section        0  u485.o(i.u485_init)
    i.u485_queue_init                        0x08005ae4   Section        0  u485.o(i.u485_queue_init)
    i.u485_send_crc                          0x08005b10   Section        0  u485.o(i.u485_send_crc)
    i.u485_tick                              0x08005b70   Section        0  u485.o(i.u485_tick)
    .data                                    0x200000c0   Section        1  main.o(.data)
    .data                                    0x200000c1   Section       16  stm32f0xx_rcc.o(.data)
    APBAHBPrescTable                         0x200000c1   Data          16  stm32f0xx_rcc.o(.data)
    .data                                    0x200000d2   Section        4  delay.o(.data)
    fac_us                                   0x200000d2   Data           1  delay.o(.data)
    fac_ms                                   0x200000d4   Data           2  delay.o(.data)
    .data                                    0x200000d6   Section        1  magnet.o(.data)
    .data                                    0x200000d8   Section       46  timer.o(.data)
    i                                        0x200000d8   Data           1  timer.o(.data)
    j                                        0x200000d9   Data           1  timer.o(.data)
    count1                                   0x200000da   Data           1  timer.o(.data)
    count2                                   0x200000db   Data           1  timer.o(.data)
    count3                                   0x200000dc   Data           1  timer.o(.data)
    count4                                   0x200000dd   Data           1  timer.o(.data)
    count5                                   0x200000de   Data           1  timer.o(.data)
    count6                                   0x200000df   Data           1  timer.o(.data)
    count7                                   0x200000e0   Data           1  timer.o(.data)
    count8                                   0x200000e1   Data           1  timer.o(.data)
    count9                                   0x200000e2   Data           1  timer.o(.data)
    count10                                  0x200000e3   Data           1  timer.o(.data)
    count11                                  0x200000e4   Data           1  timer.o(.data)
    count12                                  0x200000e5   Data           1  timer.o(.data)
    count13                                  0x200000e6   Data           1  timer.o(.data)
    count14                                  0x200000e7   Data           1  timer.o(.data)
    count15                                  0x200000e8   Data           1  timer.o(.data)
    count16                                  0x200000e9   Data           1  timer.o(.data)
    count17                                  0x200000ea   Data           1  timer.o(.data)
    count18                                  0x200000eb   Data           1  timer.o(.data)
    count19                                  0x200000ec   Data           1  timer.o(.data)
    count20                                  0x200000ed   Data           1  timer.o(.data)
    count21                                  0x200000ee   Data           1  timer.o(.data)
    count22                                  0x200000ef   Data           1  timer.o(.data)
    count23                                  0x200000f0   Data           1  timer.o(.data)
    count24                                  0x200000f1   Data           1  timer.o(.data)
    count25                                  0x200000f2   Data           1  timer.o(.data)
    count26                                  0x200000f3   Data           1  timer.o(.data)
    count27                                  0x200000f4   Data           1  timer.o(.data)
    count28                                  0x200000f5   Data           1  timer.o(.data)
    count29                                  0x200000f6   Data           1  timer.o(.data)
    count30                                  0x200000f7   Data           1  timer.o(.data)
    count31                                  0x200000f8   Data           1  timer.o(.data)
    count32                                  0x200000f9   Data           1  timer.o(.data)
    count33                                  0x200000fa   Data           1  timer.o(.data)
    count34                                  0x200000fb   Data           1  timer.o(.data)
    count35                                  0x200000fc   Data           1  timer.o(.data)
    count36                                  0x200000fd   Data           1  timer.o(.data)
    count37                                  0x200000fe   Data           1  timer.o(.data)
    count38                                  0x200000ff   Data           1  timer.o(.data)
    count39                                  0x20000100   Data           1  timer.o(.data)
    count40                                  0x20000101   Data           1  timer.o(.data)
    t                                        0x20000102   Data           2  timer.o(.data)
    u485_time                                0x20000104   Data           2  timer.o(.data)
    .data                                    0x20000106   Section        3  u485.o(.data)
    .data                                    0x2000010c   Section        4  u485.o(.data)
    .bss                                     0x20000110   Section       40  main.o(.bss)
    .bss                                     0x20000138   Section       60  magnet.o(.bss)
    .bss                                     0x20000174   Section      154  u485.o(.bss)
    STACK                                    0x20000210   Section     1024  startup_stm32f030.o(STACK)

    Global Symbols

    Symbol Name                              Value     Ov Type        Size  Object(Section)

    BuildAttributes$$THM_ISAv3M$S$PE$A:L22$X:L11$S22$IEEE1$IW$USESV6$~STKCKD$USESV7$~SHL$OSPACE$ROPI$EBA8$MICROLIB$REQ8$PRES8$EABIv2 0x00000000   Number         0  anon$$obj.o ABSOLUTE
    __ARM_use_no_argv                        0x00000000   Number         0  main.o ABSOLUTE
    __use_no_errno                           0x00000000   Number         0  useno.o ABSOLUTE
    __use_no_exception_handling              0x00000000   Number         0  useno.o ABSOLUTE
    __use_no_fp                              0x00000000   Number         0  useno.o ABSOLUTE
    __use_no_heap                            0x00000000   Number         0  useno.o ABSOLUTE
    __use_no_heap_region                     0x00000000   Number         0  useno.o ABSOLUTE
    __use_no_semihosting                     0x00000000   Number         0  useno.o ABSOLUTE
    __use_no_semihosting_swi                 0x00000000   Number         0  useno.o ABSOLUTE
    __use_no_signal_handling                 0x00000000   Number         0  useno.o ABSOLUTE
    _printf_a                                0x00000000   Number         0  stubs.o ABSOLUTE
    _printf_c                                0x00000000   Number         0  stubs.o ABSOLUTE
    _printf_charcount                        0x00000000   Number         0  stubs.o ABSOLUTE
    _printf_d                                0x00000000   Number         0  stubs.o ABSOLUTE
    _printf_e                                0x00000000   Number         0  stubs.o ABSOLUTE
    _printf_f                                0x00000000   Number         0  stubs.o ABSOLUTE
    _printf_flags                            0x00000000   Number         0  stubs.o ABSOLUTE
    _printf_fp_dec                           0x00000000   Number         0  stubs.o ABSOLUTE
    _printf_fp_hex                           0x00000000   Number         0  stubs.o ABSOLUTE
    _printf_g                                0x00000000   Number         0  stubs.o ABSOLUTE
    _printf_i                                0x00000000   Number         0  stubs.o ABSOLUTE
    _printf_int_dec                          0x00000000   Number         0  stubs.o ABSOLUTE
    _printf_l                                0x00000000   Number         0  stubs.o ABSOLUTE
    _printf_lc                               0x00000000   Number         0  stubs.o ABSOLUTE
    _printf_ll                               0x00000000   Number         0  stubs.o ABSOLUTE
    _printf_lld                              0x00000000   Number         0  stubs.o ABSOLUTE
    _printf_lli                              0x00000000   Number         0  stubs.o ABSOLUTE
    _printf_llo                              0x00000000   Number         0  stubs.o ABSOLUTE
    _printf_llu                              0x00000000   Number         0  stubs.o ABSOLUTE
    _printf_llx                              0x00000000   Number         0  stubs.o ABSOLUTE
    _printf_longlong_dec                     0x00000000   Number         0  stubs.o ABSOLUTE
    _printf_longlong_hex                     0x00000000   Number         0  stubs.o ABSOLUTE
    _printf_longlong_oct                     0x00000000   Number         0  stubs.o ABSOLUTE
    _printf_ls                               0x00000000   Number         0  stubs.o ABSOLUTE
    _printf_mbtowc                           0x00000000   Number         0  stubs.o ABSOLUTE
    _printf_n                                0x00000000   Number         0  stubs.o ABSOLUTE
    _printf_o                                0x00000000   Number         0  stubs.o ABSOLUTE
    _printf_p                                0x00000000   Number         0  stubs.o ABSOLUTE
    _printf_percent                          0x00000000   Number         0  stubs.o ABSOLUTE
    _printf_pre_padding                      0x00000000   Number         0  stubs.o ABSOLUTE
    _printf_return_value                     0x00000000   Number         0  stubs.o ABSOLUTE
    _printf_s                                0x00000000   Number         0  stubs.o ABSOLUTE
    _printf_sizespec                         0x00000000   Number         0  stubs.o ABSOLUTE
    _printf_str                              0x00000000   Number         0  stubs.o ABSOLUTE
    _printf_truncate_signed                  0x00000000   Number         0  stubs.o ABSOLUTE
    _printf_truncate_unsigned                0x00000000   Number         0  stubs.o ABSOLUTE
    _printf_u                                0x00000000   Number         0  stubs.o ABSOLUTE
    _printf_wc                               0x00000000   Number         0  stubs.o ABSOLUTE
    _printf_wctomb                           0x00000000   Number         0  stubs.o ABSOLUTE
    _printf_widthprec                        0x00000000   Number         0  stubs.o ABSOLUTE
    _printf_x                                0x00000000   Number         0  stubs.o ABSOLUTE
    __cpp_initialize__aeabi_                  - Undefined Weak Reference
    __cxa_finalize                            - Undefined Weak Reference
    __decompress                              - Undefined Weak Reference
    _clock_init                               - Undefined Weak Reference
    _microlib_exit                            - Undefined Weak Reference
    __Vectors_Size                           0x000000b4   Number         0  startup_stm32f030.o ABSOLUTE
    __Vectors                                0x08004000   Data           4  startup_stm32f030.o(RESET)
    __Vectors_End                            0x080040b4   Data           0  startup_stm32f030.o(RESET)
    __main                                   0x080040b5   Thumb Code     0  entry.o(.ARM.Collect$$$$00000000)
    _main_stk                                0x080040b5   Thumb Code     0  entry2.o(.ARM.Collect$$$$00000001)
    _main_scatterload                        0x080040b9   Thumb Code     0  entry5.o(.ARM.Collect$$$$00000004)
    __main_after_scatterload                 0x080040bd   Thumb Code     0  entry5.o(.ARM.Collect$$$$00000004)
    _main_clock                              0x080040bd   Thumb Code     0  entry7b.o(.ARM.Collect$$$$00000008)
    _main_cpp_init                           0x080040bd   Thumb Code     0  entry8b.o(.ARM.Collect$$$$0000000A)
    _main_init                               0x080040bd   Thumb Code     0  entry9a.o(.ARM.Collect$$$$0000000B)
    __rt_final_cpp                           0x080040c5   Thumb Code     0  entry10a.o(.ARM.Collect$$$$0000000D)
    __rt_final_exit                          0x080040c5   Thumb Code     0  entry11a.o(.ARM.Collect$$$$0000000F)
    Reset_Handler                            0x080040c9   Thumb Code    32  startup_stm32f030.o(.text)
    ADC1_IRQHandler                          0x080040f3   Thumb Code     0  startup_stm32f030.o(.text)
    DMA1_Channel1_IRQHandler                 0x080040f3   Thumb Code     0  startup_stm32f030.o(.text)
    DMA1_Channel2_3_IRQHandler               0x080040f3   Thumb Code     0  startup_stm32f030.o(.text)
    DMA1_Channel4_5_IRQHandler               0x080040f3   Thumb Code     0  startup_stm32f030.o(.text)
    EXTI0_1_IRQHandler                       0x080040f3   Thumb Code     0  startup_stm32f030.o(.text)
    EXTI2_3_IRQHandler                       0x080040f3   Thumb Code     0  startup_stm32f030.o(.text)
    EXTI4_15_IRQHandler                      0x080040f3   Thumb Code     0  startup_stm32f030.o(.text)
    FLASH_IRQHandler                         0x080040f3   Thumb Code     0  startup_stm32f030.o(.text)
    I2C1_IRQHandler                          0x080040f3   Thumb Code     0  startup_stm32f030.o(.text)
    I2C2_IRQHandler                          0x080040f3   Thumb Code     0  startup_stm32f030.o(.text)
    RCC_IRQHandler                           0x080040f3   Thumb Code     0  startup_stm32f030.o(.text)
    RTC_IRQHandler                           0x080040f3   Thumb Code     0  startup_stm32f030.o(.text)
    SPI1_IRQHandler                          0x080040f3   Thumb Code     0  startup_stm32f030.o(.text)
    SPI2_IRQHandler                          0x080040f3   Thumb Code     0  startup_stm32f030.o(.text)
    TIM14_IRQHandler                         0x080040f3   Thumb Code     0  startup_stm32f030.o(.text)
    TIM15_IRQHandler                         0x080040f3   Thumb Code     0  startup_stm32f030.o(.text)
    TIM16_IRQHandler                         0x080040f3   Thumb Code     0  startup_stm32f030.o(.text)
    TIM17_IRQHandler                         0x080040f3   Thumb Code     0  startup_stm32f030.o(.text)
    TIM1_BRK_UP_TRG_COM_IRQHandler           0x080040f3   Thumb Code     0  startup_stm32f030.o(.text)
    TIM1_CC_IRQHandler                       0x080040f3   Thumb Code     0  startup_stm32f030.o(.text)
    USART2_IRQHandler                        0x080040f3   Thumb Code     0  startup_stm32f030.o(.text)
    WWDG_IRQHandler                          0x080040f3   Thumb Code     0  startup_stm32f030.o(.text)
    __aeabi_uidiv                            0x08004111   Thumb Code     0  uidiv.o(.text)
    __aeabi_uidivmod                         0x08004111   Thumb Code    44  uidiv.o(.text)
    __aeabi_memcpy                           0x0800413d   Thumb Code    36  memcpya.o(.text)
    __aeabi_memcpy4                          0x0800413d   Thumb Code     0  memcpya.o(.text)
    __aeabi_memcpy8                          0x0800413d   Thumb Code     0  memcpya.o(.text)
    __scatterload                            0x08004161   Thumb Code    28  init.o(.text)
    __scatterload_rt2                        0x08004161   Thumb Code     0  init.o(.text)
    CRC_ResetDR                              0x08004185   Thumb Code    12  stm32f0xx_crc.o(i.CRC_ResetDR)
    GPIO_Init                                0x08004195   Thumb Code   112  stm32f0xx_gpio.o(i.GPIO_Init)
    GPIO_PinAFConfig                         0x08004205   Thumb Code    32  stm32f0xx_gpio.o(i.GPIO_PinAFConfig)
    GPIO_ReadInputDataBit                    0x08004225   Thumb Code    14  stm32f0xx_gpio.o(i.GPIO_ReadInputDataBit)
    GPIO_ResetBits                           0x08004233   Thumb Code     4  stm32f0xx_gpio.o(i.GPIO_ResetBits)
    GPIO_SetBits                             0x08004237   Thumb Code     4  stm32f0xx_gpio.o(i.GPIO_SetBits)
    HardFault_Handler                        0x0800423b   Thumb Code     2  stm32f0xx_it.o(i.HardFault_Handler)
    IWDG_Config                              0x0800423d   Thumb Code    48  wdg.o(i.IWDG_Config)
    IWDG_Enable                              0x08004271   Thumb Code     8  stm32f0xx_iwdg.o(i.IWDG_Enable)
    IWDG_Feed                                0x08004281   Thumb Code     8  wdg.o(i.IWDG_Feed)
    IWDG_ReloadCounter                       0x08004289   Thumb Code     8  stm32f0xx_iwdg.o(i.IWDG_ReloadCounter)
    IWDG_SetPrescaler                        0x08004299   Thumb Code     6  stm32f0xx_iwdg.o(i.IWDG_SetPrescaler)
    IWDG_SetReload                           0x080042a5   Thumb Code     6  stm32f0xx_iwdg.o(i.IWDG_SetReload)
    IWDG_WriteAccessCmd                      0x080042b1   Thumb Code     6  stm32f0xx_iwdg.o(i.IWDG_WriteAccessCmd)
    LEDInit                                  0x080042bd   Thumb Code    40  led.o(i.LEDInit)
    MAGNETInit                               0x080042e9   Thumb Code   152  magnet.o(i.MAGNETInit)
    MAGNET_Manage                            0x08004391   Thumb Code  1558  magnet.o(i.MAGNET_Manage)
    NMI_Handler                              0x080049c1   Thumb Code     2  stm32f0xx_it.o(i.NMI_Handler)
    NVIC_Init                                0x080049c5   Thumb Code    70  stm32f0xx_misc.o(i.NVIC_Init)
    PendSV_Handler                           0x08004a15   Thumb Code     2  stm32f0xx_it.o(i.PendSV_Handler)
    RCC_AHBPeriphClockCmd                    0x08004a19   Thumb Code    18  stm32f0xx_rcc.o(i.RCC_AHBPeriphClockCmd)
    RCC_APB1PeriphClockCmd                   0x08004a31   Thumb Code    18  stm32f0xx_rcc.o(i.RCC_APB1PeriphClockCmd)
    RCC_APB2PeriphClockCmd                   0x08004a49   Thumb Code    18  stm32f0xx_rcc.o(i.RCC_APB2PeriphClockCmd)
    RCC_ClearFlag                            0x08004a61   Thumb Code    14  stm32f0xx_rcc.o(i.RCC_ClearFlag)
    RCC_GetClocksFreq                        0x08004a75   Thumb Code   346  stm32f0xx_rcc.o(i.RCC_GetClocksFreq)
    RCC_GetFlagStatus                        0x08004bed   Thumb Code    48  stm32f0xx_rcc.o(i.RCC_GetFlagStatus)
    SVC_Handler                              0x08004c21   Thumb Code     2  stm32f0xx_it.o(i.SVC_Handler)
    SYSCFG_MemoryRemapConfig                 0x08004c25   Thumb Code    14  stm32f0xx_syscfg.o(i.SYSCFG_MemoryRemapConfig)
    SysTick_Handler                          0x08004cd1   Thumb Code     2  stm32f0xx_it.o(i.SysTick_Handler)
    SystemInit                               0x08004cd5   Thumb Code    84  system_stm32f0xx.o(i.SystemInit)
    TIM3_IRQHandler                          0x08004d35   Thumb Code  1590  timer.o(i.TIM3_IRQHandler)
    TIM3_Int_Init                            0x08005381   Thumb Code    74  timer.o(i.TIM3_Int_Init)
    TIM_ClearITPendingBit                    0x080053d1   Thumb Code     6  stm32f0xx_tim.o(i.TIM_ClearITPendingBit)
    TIM_Cmd                                  0x080053d7   Thumb Code    20  stm32f0xx_tim.o(i.TIM_Cmd)
    TIM_GetITStatus                          0x080053eb   Thumb Code    24  stm32f0xx_tim.o(i.TIM_GetITStatus)
    TIM_ITConfig                             0x08005403   Thumb Code    16  stm32f0xx_tim.o(i.TIM_ITConfig)
    TIM_TimeBaseInit                         0x08005415   Thumb Code    88  stm32f0xx_tim.o(i.TIM_TimeBaseInit)
    USART1_IRQHandler                        0x08005489   Thumb Code   102  u485.o(i.USART1_IRQHandler)
    USART_ClearFlag                          0x08005501   Thumb Code     4  stm32f0xx_usart.o(i.USART_ClearFlag)
    USART_ClearITPendingBit                  0x08005505   Thumb Code    10  stm32f0xx_usart.o(i.USART_ClearITPendingBit)
    USART_Cmd                                0x0800550f   Thumb Code    20  stm32f0xx_usart.o(i.USART_Cmd)
    USART_GetFlagStatus                      0x08005523   Thumb Code    14  stm32f0xx_usart.o(i.USART_GetFlagStatus)
    USART_GetITStatus                        0x08005531   Thumb Code    56  stm32f0xx_usart.o(i.USART_GetITStatus)
    USART_ITConfig                           0x08005569   Thumb Code    42  stm32f0xx_usart.o(i.USART_ITConfig)
    USART_Init                               0x08005595   Thumb Code   148  stm32f0xx_usart.o(i.USART_Init)
    USART_ReceiveData                        0x0800563d   Thumb Code     8  stm32f0xx_usart.o(i.USART_ReceiveData)
    USART_SendData                           0x08005645   Thumb Code     8  stm32f0xx_usart.o(i.USART_SendData)
    Usart_SendByte                           0x0800564d   Thumb Code    30  u485.o(i.Usart_SendByte)
    Usart_SendString                         0x08005671   Thumb Code    32  u485.o(i.Usart_SendString)
    __0printf$2                              0x08005691   Thumb Code    24  printf2.o(i.__0printf$2)
    __1printf$2                              0x08005691   Thumb Code     0  printf2.o(i.__0printf$2)
    __2printf                                0x08005691   Thumb Code     0  printf2.o(i.__0printf$2)
    __0snprintf$2                            0x080056b1   Thumb Code    38  printf2.o(i.__0snprintf$2)
    __1snprintf$2                            0x080056b1   Thumb Code     0  printf2.o(i.__0snprintf$2)
    __2snprintf                              0x080056b1   Thumb Code     0  printf2.o(i.__0snprintf$2)
    __ARM_common_switch8                     0x080056dd   Thumb Code    26  magnet.o(i.__ARM_common_switch8)
    __scatterload_copy                       0x080056f7   Thumb Code    14  handlers.o(i.__scatterload_copy)
    __scatterload_null                       0x08005705   Thumb Code     2  handlers.o(i.__scatterload_null)
    __scatterload_zeroinit                   0x08005707   Thumb Code    14  handlers.o(i.__scatterload_zeroinit)
    crc_calculate                            0x080057fd   Thumb Code    34  crc.o(i.crc_calculate)
    crc_init                                 0x08005825   Thumb Code    12  crc.o(i.crc_init)
    delay_ms                                 0x08005831   Thumb Code    44  delay.o(i.delay_ms)
    dialswitch_init                          0x08005865   Thumb Code    66  dialswitch.o(i.dialswitch_init)
    dialswitch_read                          0x080058ad   Thumb Code   208  dialswitch.o(i.dialswitch_read)
    fputc                                    0x08005995   Thumb Code    30  u485.o(i.fputc)
    main                                     0x080059b9   Thumb Code    92  main.o(i.main)
    u485_init                                0x08005a1d   Thumb Code   182  u485.o(i.u485_init)
    u485_queue_init                          0x08005ae5   Thumb Code    40  u485.o(i.u485_queue_init)
    u485_send_crc                            0x08005b11   Thumb Code    86  u485.o(i.u485_send_crc)
    u485_tick                                0x08005b71   Thumb Code   560  u485.o(i.u485_tick)
    Region$$Table$$Base                      0x08005e34   Number         0  anon$$obj.o(Region$$Table)
    Region$$Table$$Limit                     0x08005e44   Number         0  anon$$obj.o(Region$$Table)
    STOREY_NUM                               0x200000c0   Data           1  main.o(.data)
    MAGNET_FLAG                              0x200000d6   Data           1  magnet.o(.data)
    U485_FLAG                                0x20000106   Data           1  u485.o(.data)
    OUTLOCK_FLAG                             0x20000107   Data           1  u485.o(.data)
    OUTLOCK_TIME_FLAG                        0x20000108   Data           1  u485.o(.data)
    __stdout                                 0x2000010c   Data           4  u485.o(.data)
    SUCTION_T                                0x20000110   Data          40  main.o(.bss)
    magnet_buf                               0x20000138   Data          20  magnet.o(.bss)
    magnet_timer_flag                        0x2000014c   Data          40  magnet.o(.bss)
    Q_485                                    0x20000174   Data         104  u485.o(.bss)
    sendbuf                                  0x200001dc   Data          50  u485.o(.bss)
    __initial_sp                             0x20000610   Data           0  startup_stm32f030.o(STACK)



==============================================================================

Memory Map of the image

  Image Entry point : 0x080040b5

  Load Region LR_IROM1 (Base: 0x08004000, Size: 0x00001e94, Max: 0x0000d000, ABSOLUTE)

    Execution Region ER_IROM1 (Base: 0x08004000, Size: 0x00001e44, Max: 0x0000d000, ABSOLUTE)

    Base Addr    Size         Type   Attr      Idx    E Section Name        Object

    0x08004000   0x000000b4   Data   RO            3    RESET               startup_stm32f030.o
    0x080040b4   0x00000000   Code   RO         3714  * .ARM.Collect$$$$00000000  mc_p.l(entry.o)
    0x080040b4   0x00000004   Code   RO         3984    .ARM.Collect$$$$00000001  mc_p.l(entry2.o)
    0x080040b8   0x00000004   Code   RO         3987    .ARM.Collect$$$$00000004  mc_p.l(entry5.o)
    0x080040bc   0x00000000   Code   RO         3989    .ARM.Collect$$$$00000008  mc_p.l(entry7b.o)
    0x080040bc   0x00000000   Code   RO         3991    .ARM.Collect$$$$0000000A  mc_p.l(entry8b.o)
    0x080040bc   0x00000008   Code   RO         3992    .ARM.Collect$$$$0000000B  mc_p.l(entry9a.o)
    0x080040c4   0x00000000   Code   RO         3994    .ARM.Collect$$$$0000000D  mc_p.l(entry10a.o)
    0x080040c4   0x00000000   Code   RO         3996    .ARM.Collect$$$$0000000F  mc_p.l(entry11a.o)
    0x080040c4   0x00000004   Code   RO         3985    .ARM.Collect$$$$00002712  mc_p.l(entry2.o)
    0x080040c8   0x00000048   Code   RO            4    .text               startup_stm32f030.o
    0x08004110   0x0000002c   Code   RO         3717    .text               mc_p.l(uidiv.o)
    0x0800413c   0x00000024   Code   RO         3719    .text               mc_p.l(memcpya.o)
    0x08004160   0x00000024   Code   RO         4011    .text               mc_p.l(init.o)
    0x08004184   0x00000010   Code   RO         2351    i.CRC_ResetDR       stm32f0xx_crc.o
    0x08004194   0x00000070   Code   RO         2205    i.GPIO_Init         stm32f0xx_gpio.o
    0x08004204   0x00000020   Code   RO         2206    i.GPIO_PinAFConfig  stm32f0xx_gpio.o
    0x08004224   0x0000000e   Code   RO         2209    i.GPIO_ReadInputDataBit  stm32f0xx_gpio.o
    0x08004232   0x00000004   Code   RO         2212    i.GPIO_ResetBits    stm32f0xx_gpio.o
    0x08004236   0x00000004   Code   RO         2213    i.GPIO_SetBits      stm32f0xx_gpio.o
    0x0800423a   0x00000002   Code   RO          215    i.HardFault_Handler  stm32f0xx_it.o
    0x0800423c   0x00000034   Code   RO         3664    i.IWDG_Config       wdg.o
    0x08004270   0x00000010   Code   RO         1264    i.IWDG_Enable       stm32f0xx_iwdg.o
    0x08004280   0x00000008   Code   RO         3665    i.IWDG_Feed         wdg.o
    0x08004288   0x00000010   Code   RO         1266    i.IWDG_ReloadCounter  stm32f0xx_iwdg.o
    0x08004298   0x0000000c   Code   RO         1267    i.IWDG_SetPrescaler  stm32f0xx_iwdg.o
    0x080042a4   0x0000000c   Code   RO         1268    i.IWDG_SetReload    stm32f0xx_iwdg.o
    0x080042b0   0x0000000c   Code   RO         1270    i.IWDG_WriteAccessCmd  stm32f0xx_iwdg.o
    0x080042bc   0x0000002c   Code   RO         3397    i.LEDInit           led.o
    0x080042e8   0x000000a8   Code   RO         3423    i.MAGNETInit        magnet.o
    0x08004390   0x00000630   Code   RO         3424    i.MAGNET_Manage     magnet.o
    0x080049c0   0x00000002   Code   RO          216    i.NMI_Handler       stm32f0xx_it.o
    0x080049c2   0x00000002   PAD
    0x080049c4   0x00000050   Code   RO         2772    i.NVIC_Init         stm32f0xx_misc.o
    0x08004a14   0x00000002   Code   RO          217    i.PendSV_Handler    stm32f0xx_it.o
    0x08004a16   0x00000002   PAD
    0x08004a18   0x00000018   Code   RO         1518    i.RCC_AHBPeriphClockCmd  stm32f0xx_rcc.o
    0x08004a30   0x00000018   Code   RO         1520    i.RCC_APB1PeriphClockCmd  stm32f0xx_rcc.o
    0x08004a48   0x00000018   Code   RO         1522    i.RCC_APB2PeriphClockCmd  stm32f0xx_rcc.o
    0x08004a60   0x00000014   Code   RO         1528    i.RCC_ClearFlag     stm32f0xx_rcc.o
    0x08004a74   0x00000178   Code   RO         1532    i.RCC_GetClocksFreq  stm32f0xx_rcc.o
    0x08004bec   0x00000034   Code   RO         1533    i.RCC_GetFlagStatus  stm32f0xx_rcc.o
    0x08004c20   0x00000002   Code   RO          218    i.SVC_Handler       stm32f0xx_it.o
    0x08004c22   0x00000002   PAD
    0x08004c24   0x00000014   Code   RO          483    i.SYSCFG_MemoryRemapConfig  stm32f0xx_syscfg.o
    0x08004c38   0x00000098   Code   RO           12    i.SetSysClock       system_stm32f0xx.o
    0x08004cd0   0x00000002   Code   RO          219    i.SysTick_Handler   stm32f0xx_it.o
    0x08004cd2   0x00000002   PAD
    0x08004cd4   0x00000060   Code   RO           14    i.SystemInit        system_stm32f0xx.o
    0x08004d34   0x0000064c   Code   RO         3471    i.TIM3_IRQHandler   timer.o
    0x08005380   0x00000050   Code   RO         3472    i.TIM3_Int_Init     timer.o
    0x080053d0   0x00000006   Code   RO         2816    i.TIM_ClearITPendingBit  stm32f0xx_tim.o
    0x080053d6   0x00000014   Code   RO         2821    i.TIM_Cmd           stm32f0xx_tim.o
    0x080053ea   0x00000018   Code   RO         2842    i.TIM_GetITStatus   stm32f0xx_tim.o
    0x08005402   0x00000010   Code   RO         2846    i.TIM_ITConfig      stm32f0xx_tim.o
    0x08005412   0x00000002   PAD
    0x08005414   0x00000074   Code   RO         2894    i.TIM_TimeBaseInit  stm32f0xx_tim.o
    0x08005488   0x00000078   Code   RO         3502    i.USART1_IRQHandler  u485.o
    0x08005500   0x00000004   Code   RO          754    i.USART_ClearFlag   stm32f0xx_usart.o
    0x08005504   0x0000000a   Code   RO          755    i.USART_ClearITPendingBit  stm32f0xx_usart.o
    0x0800550e   0x00000014   Code   RO          758    i.USART_Cmd         stm32f0xx_usart.o
    0x08005522   0x0000000e   Code   RO          766    i.USART_GetFlagStatus  stm32f0xx_usart.o
    0x08005530   0x00000038   Code   RO          767    i.USART_GetITStatus  stm32f0xx_usart.o
    0x08005568   0x0000002a   Code   RO          769    i.USART_ITConfig    stm32f0xx_usart.o
    0x08005592   0x00000002   PAD
    0x08005594   0x000000a8   Code   RO          770    i.USART_Init        stm32f0xx_usart.o
    0x0800563c   0x00000008   Code   RO          782    i.USART_ReceiveData  stm32f0xx_usart.o
    0x08005644   0x00000008   Code   RO          787    i.USART_SendData    stm32f0xx_usart.o
    0x0800564c   0x00000024   Code   RO         3503    i.Usart_SendByte    u485.o
    0x08005670   0x00000020   Code   RO         3504    i.Usart_SendString  u485.o
    0x08005690   0x00000020   Code   RO         3790    i.__0printf$2       mc_p.l(printf2.o)
    0x080056b0   0x0000002c   Code   RO         3791    i.__0snprintf$2     mc_p.l(printf2.o)
    0x080056dc   0x0000001a   Code   RO         3454    i.__ARM_common_switch8  magnet.o
    0x080056f6   0x0000000e   Code   RO         4025    i.__scatterload_copy  mc_p.l(handlers.o)
    0x08005704   0x00000002   Code   RO         4026    i.__scatterload_null  mc_p.l(handlers.o)
    0x08005706   0x0000000e   Code   RO         4027    i.__scatterload_zeroinit  mc_p.l(handlers.o)
    0x08005714   0x000000d2   Code   RO         3797    i._printf_core      mc_p.l(printf2.o)
    0x080057e6   0x00000016   Code   RO         3798    i._snputc           mc_p.l(printf2.o)
    0x080057fc   0x00000028   Code   RO         3596    i.crc_calculate     crc.o
    0x08005824   0x0000000c   Code   RO         3597    i.crc_init          crc.o
    0x08005830   0x00000034   Code   RO         3364    i.delay_ms          delay.o
    0x08005864   0x00000048   Code   RO         3690    i.dialswitch_init   dialswitch.o
    0x080058ac   0x000000e8   Code   RO         3691    i.dialswitch_read   dialswitch.o
    0x08005994   0x00000024   Code   RO         3506    i.fputc             u485.o
    0x080059b8   0x00000064   Code   RO          137    i.main              main.o
    0x08005a1c   0x000000c8   Code   RO         3507    i.u485_init         u485.o
    0x08005ae4   0x0000002c   Code   RO         3508    i.u485_queue_init   u485.o
    0x08005b10   0x00000060   Code   RO         3509    i.u485_send_crc     u485.o
    0x08005b70   0x000002c4   Code   RO         3510    i.u485_tick         u485.o
    0x08005e34   0x00000010   Data   RO         4023    Region$$Table       anon$$obj.o


    Execution Region RW_IRAM1 (Base: 0x200000c0, Size: 0x00000550, Max: 0x00001f00, ABSOLUTE, UNINIT)

    Base Addr    Size         Type   Attr      Idx    E Section Name        Object

    0x200000c0   0x00000001   Data   RW          139    .data               main.o
    0x200000c1   0x00000010   Data   RW         1558    .data               stm32f0xx_rcc.o
    0x200000d1   0x00000001   PAD
    0x200000d2   0x00000004   Data   RW         3366    .data               delay.o
    0x200000d6   0x00000001   Data   RW         3427    .data               magnet.o
    0x200000d7   0x00000001   PAD
    0x200000d8   0x0000002e   Data   RW         3473    .data               timer.o
    0x20000106   0x00000003   Data   RW         3517    .data               u485.o
    0x20000109   0x00000003   PAD
    0x2000010c   0x00000004   Data   RW         3519    .data               u485.o
    0x20000110   0x00000028   Zero   RW          138    .bss                main.o
    0x20000138   0x0000003c   Zero   RW         3426    .bss                magnet.o
    0x20000174   0x0000009a   Zero   RW         3511    .bss                u485.o
    0x2000020e   0x00000002   PAD
    0x20000210   0x00000400   Zero   RW            1    STACK               startup_stm32f030.o


==============================================================================

Image component sizes


      Code (inc. data)   RO Data    RW Data    ZI Data      Debug   Object Name

        52          6          0          0          0       1147   crc.o
        52          8          0          4          0        787   delay.o
       304         48          0          0          0       1336   dialswitch.o
        44          4          0          0          0        502   led.o
      1778        114          0          1         60       3468   magnet.o
       100          8          0          1         40       1318   main.o
        72         28        180          0       1024        812   startup_stm32f030.o
        16          4          0          0          0        538   stm32f0xx_crc.o
       166          0          0          0          0       8611   stm32f0xx_gpio.o
        10          0          0          0          0       2219   stm32f0xx_it.o
        68         34          0          0          0       2898   stm32f0xx_iwdg.o
        80         10          0          0          0       2280   stm32f0xx_misc.o
         0          0          0          0          0      13112   stm32f0xx_pwr.o
       520         58          0         16          0      18706   stm32f0xx_rcc.o
        20          6          0          0          0        639   stm32f0xx_syscfg.o
       182         28          0          0          0      25261   stm32f0xx_tim.o
       330         20          0          0          0      17277   stm32f0xx_usart.o
       248         22          0          0          0     199341   system_stm32f0xx.o
      1692         82          0         46          0       3214   timer.o
      1272        210          0          7        154      14080   u485.o
        60          4          0          0          0       1050   wdg.o

    ----------------------------------------------------------------------
      7078        694        196         80       1280     318596   Object Totals
         0          0         16          0          0          0   (incl. Generated)
        12          0          0          5          2          0   (incl. Padding)

    ----------------------------------------------------------------------

      Code (inc. data)   RO Data    RW Data    ZI Data      Debug   Library Member Name

         0          0          0          0          0          0   entry.o
         0          0          0          0          0          0   entry10a.o
         0          0          0          0          0          0   entry11a.o
         8          4          0          0          0          0   entry2.o
         4          0          0          0          0          0   entry5.o
         0          0          0          0          0          0   entry7b.o
         0          0          0          0          0          0   entry8b.o
         8          4          0          0          0          0   entry9a.o
        30          0          0          0          0          0   handlers.o
        36          8          0          0          0         68   init.o
        36          0          0          0          0         60   memcpya.o
       308         14          0          0          0        312   printf2.o
        44          0          0          0          0         72   uidiv.o

    ----------------------------------------------------------------------
       474         30          0          0          0        512   Library Totals
         0          0          0          0          0          0   (incl. Padding)

    ----------------------------------------------------------------------

      Code (inc. data)   RO Data    RW Data    ZI Data      Debug   Library Name

       474         30          0          0          0        512   mc_p.l

    ----------------------------------------------------------------------
       474         30          0          0          0        512   Library Totals

    ----------------------------------------------------------------------

==============================================================================


      Code (inc. data)   RO Data    RW Data    ZI Data      Debug   

      7552        724        196         80       1280     316532   Grand Totals
      7552        724        196         80       1280     316532   ELF Image Totals
      7552        724        196         80          0          0   ROM Totals

==============================================================================

    Total RO  Size (Code + RO Data)                 7748 (   7.57kB)
    Total RW  Size (RW Data + ZI Data)              1360 (   1.33kB)
    Total ROM Size (Code + RO Data + RW Data)       7828 (   7.64kB)

==============================================================================

