<html>
<body>
<pre>
<h1>µVision Build Log</h1>
<h2>Tool Versions:</h2>
IDE-Version: ¦ÌVision V5.17.0.0
Copyright (C) 2015 ARM Ltd and ARM Germany GmbH. All rights reserved.
License Information: aa ruijunfeng105@163.com, aaa, LIC=UJWBS-L3Q4T-4SUY4-FI58V-F98M3-97GMN
 
Tool Versions:
Toolchain:       MDK-ARM Standard  Version: 5.17
Toolchain Path:  C:\Keil_v5\ARM\ARMCC\Bin
C Compiler:      Armcc.exe V5.06 update 1 (build 61)
Assembler:       Armasm.exe V5.06 update 1 (build 61)
Linker/Locator:  ArmLink.exe V5.06 update 1 (build 61)
Library Manager: ArmAr.exe V5.06 update 1 (build 61)
Hex Converter:   FromElf.exe V5.06 update 1 (build 61)
CPU DLL:         SARMCM3.DLL V5.17
Dialog DLL:      DARMCM1.DLL V1.12.0.0
Target DLL:      STLink\ST-LINKIII-KEIL_SWO.dll V2.0.18.0
Dialog DLL:      TARMCM1.DLL V1.9.0.0
 
<h2>Project:</h2>
E:\fusion\2019Project\bootloader\bootloaderºÍÁ½¸öAPP\STM32F0xx_AN4065_FW_V1.0.0\Project\STM32F0xx_IAP\MDK-ARM\Project.uvproj
Project File Date:  08/26/2019

<h2>Output:</h2>
*** Using Compiler 'V5.06 update 1 (build 61)', folder: 'C:\Keil_v5\ARM\ARMCC\Bin'
Rebuild target 'STM320518_EVAL'
assembling startup_stm32f0xx.s...
compiling stm32f0xx_crc.c...
compiling stm32f0xx_cec.c...
compiling system_stm32f0xx.c...
compiling stm32f0xx_dac.c...
compiling stm32f0xx_comp.c...
compiling stm32f0xx_adc.c...
compiling stm32f0xx_dbgmcu.c...
compiling stm32f0xx_dma.c...
compiling stm32f0xx_exti.c...
compiling stm32f0xx_iwdg.c...
compiling stm32f0xx_gpio.c...
compiling stm32f0xx_flash.c...
compiling stm32f0xx_misc.c...
compiling stm32f0xx_i2c.c...
compiling stm32f0xx_pwr.c...
compiling stm32f0xx_syscfg.c...
compiling stm32f0xx_rcc.c...
compiling stm32f0xx_spi.c...
compiling stm32f0xx_rtc.c...
compiling stm32f0xx_usart.c...
compiling stm32f0xx_tim.c...
compiling stm32f0xx_wwdg.c...
compiling stm320518_eval.c...
compiling flash_if.c...
compiling common.c...
compiling main.c...
..\src\main.c(114): warning:  #177-D: variable "button3" was declared but never referenced
  	uint8_t button1,button2,button3;	
..\src\main.c: 1 warning, 0 errors
compiling menu.c...
compiling stm32f0xx_it.c...
compiling ymodem.c...
compiling wdg.c...
compiling timer.c...
linking...
Program Size: Code=6308 RO-data=912 RW-data=92 ZI-data=2308  
FromELF: creating hex file...
".\STM320518_EVAL\STM320518_EVAL.axf" - 0 Error(s), 1 Warning(s).
Build Time Elapsed:  00:00:09
</pre>
</body>
</html>
